D:/GITHUB/STM32/grbl32/grbl/print.c:26:6:printString	8	static
D:/GITHUB/STM32/grbl32/grbl/print.c:65:6:print_uint8_base10	16	static
D:/GITHUB/STM32/grbl32/grbl/print.c:84:6:print_uint8_base2_ndigit	16	dynamic
D:/GITHUB/STM32/grbl32/grbl/print.c:98:6:print_uint32_base10	32	static
D:/GITHUB/STM32/grbl32/grbl/print.c:118:6:printInteger	8	static
D:/GITHUB/STM32/grbl32/grbl/print.c:134:6:printFloat	40	static
D:/GITHUB/STM32/grbl32/grbl/print.c:176:6:printFloat_CoordValue	8	static
D:/GITHUB/STM32/grbl32/grbl/print.c:184:6:printFloat_RateValue	8	static
