D:/GITHUB/STM32/grbl32/grbl/report.c:34:13:report_util_line_feed	0	static
D:/GITHUB/STM32/grbl32/grbl/report.c:35:13:report_util_feedback_line_feed	8	static
D:/GITHUB/STM32/grbl32/grbl/report.c:39:13:report_util_axis_values	8	static
D:/GITHUB/STM32/grbl32/grbl/report.c:33:6:report_util_setting_prefix	8	static
D:/GITHUB/STM32/grbl32/grbl/report.c:94:13:report_util_uint8_setting	8	static
D:/GITHUB/STM32/grbl32/grbl/report.c:99:13:report_util_float_setting	16	static
D:/GITHUB/STM32/grbl32/grbl/report.c:112:6:report_status_message	8	static
D:/GITHUB/STM32/grbl32/grbl/report.c:125:6:report_alarm_message	8	static
D:/GITHUB/STM32/grbl32/grbl/report.c:138:6:report_feedback_message	8	static
D:/GITHUB/STM32/grbl32/grbl/report.c:170:6:report_init_message	0	static
D:/GITHUB/STM32/grbl32/grbl/report.c:176:6:report_grbl_help	0	static
D:/GITHUB/STM32/grbl32/grbl/report.c:183:6:report_grbl_settings	32	static
D:/GITHUB/STM32/grbl32/grbl/report.c:244:6:report_probe_parameters	24	static
D:/GITHUB/STM32/grbl32/grbl/report.c:258:6:report_ngc_parameters	40	static
D:/GITHUB/STM32/grbl32/grbl/report.c:288:6:report_gcode_modes	8	static
D:/GITHUB/STM32/grbl32/grbl/report.c:365:6:report_startup_line	16	static
D:/GITHUB/STM32/grbl32/grbl/report.c:374:6:report_execute_startup_message	16	static
D:/GITHUB/STM32/grbl32/grbl/report.c:383:6:report_build_info	8	static
D:/GITHUB/STM32/grbl32/grbl/report.c:462:6:report_echo_line_received	8	static
D:/GITHUB/STM32/grbl32/grbl/report.c:474:6:report_realtime_status	80	static
