D:/GITHUB/STM32/grbl32/grbl/settings.c:33:6:settings_store_startup_line	16	static
D:/GITHUB/STM32/grbl32/grbl/settings.c:45:6:settings_store_build_info	0	static
D:/GITHUB/STM32/grbl32/grbl/settings.c:53:6:settings_write_coord_data	16	static
D:/GITHUB/STM32/grbl32/grbl/settings.c:65:6:write_global_settings	8	static
D:/GITHUB/STM32/grbl32/grbl/settings.c:73:6:settings_restore	32	static
D:/GITHUB/STM32/grbl32/grbl/settings.c:180:9:settings_read_startup_line	16	static
D:/GITHUB/STM32/grbl32/grbl/settings.c:194:9:settings_read_build_info	16	static
D:/GITHUB/STM32/grbl32/grbl/settings.c:207:9:settings_read_coord_data	16	static
D:/GITHUB/STM32/grbl32/grbl/settings.c:236:9:read_global_settings	8	static
D:/GITHUB/STM32/grbl32/grbl/settings.c:252:9:settings_store_global_setting	16	static
D:/GITHUB/STM32/grbl32/grbl/settings.c:382:6:acceleration_scaling	16	static
D:/GITHUB/STM32/grbl32/grbl/settings.c:411:6:settings_init	8	static
