D:/GITHUB/STM32/grbl32/grbl/stepper.c:217:6:st_wake_up	16	static
D:/GITHUB/STM32/grbl32/grbl/stepper.c:277:6:st_go_idle	8	static,ignoring_inline_asm
D:/GITHUB/STM32/grbl32/grbl/stepper.c:358:6:HandleStepSetIT	24	static
D:/GITHUB/STM32/grbl32/grbl/stepper.c:606:6:HandleStepResetIT	0	static
D:/GITHUB/STM32/grbl32/grbl/stepper.c:626:6:st_generate_step_dir_invert_masks	28	static
D:/GITHUB/STM32/grbl32/grbl/stepper.c:644:6:st_reset	16	static
D:/GITHUB/STM32/grbl32/grbl/stepper.c:674:6:stepper_init	0	static,ignoring_inline_asm
D:/GITHUB/STM32/grbl32/grbl/stepper.c:708:6:st_update_plan_block_parameters	16	static
D:/GITHUB/STM32/grbl32/grbl/stepper.c:778:6:st_prep_buffer	88	static
D:/GITHUB/STM32/grbl32/grbl/stepper.c:1195:7:st_get_realtime_rate	0	static
