D:/GITHUB/STM32/grbl32/grbl/system.c:24:6:system_init	0	static
D:/GITHUB/STM32/grbl32/grbl/system.c:42:9:system_control_get_state	0	static
D:/GITHUB/STM32/grbl32/grbl/system.c:71:8:HandleControlIT	8	static
D:/GITHUB/STM32/grbl32/grbl/system.c:117:9:system_check_safety_door_ajar	8	static
D:/GITHUB/STM32/grbl32/grbl/system.c:128:6:system_execute_startup	16	static
D:/GITHUB/STM32/grbl32/grbl/system.c:324:6:system_flag_wco_change	8	static
D:/GITHUB/STM32/grbl32/grbl/system.c:336:7:system_convert_axis_steps_to_mpos	8	static
D:/GITHUB/STM32/grbl32/grbl/system.c:354:6:system_convert_array_steps_to_mpos	16	static
D:/GITHUB/STM32/grbl32/grbl/system.c:378:9:system_check_travel_limits	24	static
D:/GITHUB/STM32/grbl32/grbl/system.c:399:6:system_set_exec_state_flag	0	static,ignoring_inline_asm
D:/GITHUB/STM32/grbl32/grbl/system.c:153:9:system_execute_line	32	static
D:/GITHUB/STM32/grbl32/grbl/system.c:413:6:system_clear_exec_state_flag	0	static,ignoring_inline_asm
D:/GITHUB/STM32/grbl32/grbl/system.c:427:6:system_set_exec_alarm	0	static,ignoring_inline_asm
D:/GITHUB/STM32/grbl32/grbl/system.c:441:6:system_clear_exec_alarm	0	static,ignoring_inline_asm
D:/GITHUB/STM32/grbl32/grbl/system.c:455:6:system_set_exec_motion_override_flag	0	static,ignoring_inline_asm
D:/GITHUB/STM32/grbl32/grbl/system.c:469:6:system_set_exec_accessory_override_flag	0	static,ignoring_inline_asm
D:/GITHUB/STM32/grbl32/grbl/system.c:483:6:system_clear_exec_motion_overrides	0	static,ignoring_inline_asm
D:/GITHUB/STM32/grbl32/grbl/system.c:497:6:system_clear_exec_accessory_overrides	0	static,ignoring_inline_asm
