D:/GITHUB/STM32/grbl32/stm32/stm32utilities.c:106:6:timing_init	8	static
D:/GITHUB/STM32/grbl32/stm32/stm32utilities.c:113:7:ByteToBin	12	static
D:/GITHUB/STM32/grbl32/stm32/stm32utilities.c:125:7:Int16ToBin	12	static
D:/GITHUB/STM32/grbl32/stm32/stm32utilities.c:159:6:uart_sendch	0	static
D:/GITHUB/STM32/grbl32/stm32/stm32utilities.c:153:6:uart_sendstr	8	static
D:/GITHUB/STM32/grbl32/stm32/stm32utilities.c:139:6:uart_init	8	static
D:/GITHUB/STM32/grbl32/stm32/stm32utilities.c:199:6:GPIO_ResetBits	0	static
D:/GITHUB/STM32/grbl32/stm32/stm32utilities.c:203:6:GPIO_SetBits	0	static
D:/GITHUB/STM32/grbl32/stm32/stm32utilities.c:171:6:Spindle_Disable	8	static
D:/GITHUB/STM32/grbl32/stm32/stm32utilities.c:183:6:Spindle_Enable	8	static
D:/GITHUB/STM32/grbl32/stm32/stm32utilities.c:468:6:spi_limits_init	0	static
