Archive member included to satisfy reference by file (symbol)

c:/st/stm32cubeide_1.12.0/stm32cubeide/plugins/com.st.stm32cube.ide.mcu.externaltools.gnu-tools-for-stm32.10.3-2021.10.win32_1.0.200.202301161003/tools/bin/../lib/gcc/arm-none-eabi/10.3.1/../../../../arm-none-eabi/lib/thumb/v7-m/nofp\libc_nano.a(lib_a-errno.o)
                              ./Src/syscalls.o (__errno)
c:/st/stm32cubeide_1.12.0/stm32cubeide/plugins/com.st.stm32cube.ide.mcu.externaltools.gnu-tools-for-stm32.10.3-2021.10.win32_1.0.200.202301161003/tools/bin/../lib/gcc/arm-none-eabi/10.3.1/../../../../arm-none-eabi/lib/thumb/v7-m/nofp\libc_nano.a(lib_a-exit.o)
                              c:/st/stm32cubeide_1.12.0/stm32cubeide/plugins/com.st.stm32cube.ide.mcu.externaltools.gnu-tools-for-stm32.10.3-2021.10.win32_1.0.200.202301161003/tools/bin/../lib/gcc/arm-none-eabi/10.3.1/../../../../arm-none-eabi/lib/thumb/v7-m/nofp/crt0.o (exit)
c:/st/stm32cubeide_1.12.0/stm32cubeide/plugins/com.st.stm32cube.ide.mcu.externaltools.gnu-tools-for-stm32.10.3-2021.10.win32_1.0.200.202301161003/tools/bin/../lib/gcc/arm-none-eabi/10.3.1/../../../../arm-none-eabi/lib/thumb/v7-m/nofp\libc_nano.a(lib_a-impure.o)
                              c:/st/stm32cubeide_1.12.0/stm32cubeide/plugins/com.st.stm32cube.ide.mcu.externaltools.gnu-tools-for-stm32.10.3-2021.10.win32_1.0.200.202301161003/tools/bin/../lib/gcc/arm-none-eabi/10.3.1/../../../../arm-none-eabi/lib/thumb/v7-m/nofp\libc_nano.a(lib_a-exit.o) (_global_impure_ptr)
c:/st/stm32cubeide_1.12.0/stm32cubeide/plugins/com.st.stm32cube.ide.mcu.externaltools.gnu-tools-for-stm32.10.3-2021.10.win32_1.0.200.202301161003/tools/bin/../lib/gcc/arm-none-eabi/10.3.1/../../../../arm-none-eabi/lib/thumb/v7-m/nofp\libc_nano.a(lib_a-init.o)
                              c:/st/stm32cubeide_1.12.0/stm32cubeide/plugins/com.st.stm32cube.ide.mcu.externaltools.gnu-tools-for-stm32.10.3-2021.10.win32_1.0.200.202301161003/tools/bin/../lib/gcc/arm-none-eabi/10.3.1/../../../../arm-none-eabi/lib/thumb/v7-m/nofp/crt0.o (__libc_init_array)
c:/st/stm32cubeide_1.12.0/stm32cubeide/plugins/com.st.stm32cube.ide.mcu.externaltools.gnu-tools-for-stm32.10.3-2021.10.win32_1.0.200.202301161003/tools/bin/../lib/gcc/arm-none-eabi/10.3.1/../../../../arm-none-eabi/lib/thumb/v7-m/nofp\libc_nano.a(lib_a-memcmp.o)
                              ./Src/grbl/gcode.o (memcmp)
c:/st/stm32cubeide_1.12.0/stm32cubeide/plugins/com.st.stm32cube.ide.mcu.externaltools.gnu-tools-for-stm32.10.3-2021.10.win32_1.0.200.202301161003/tools/bin/../lib/gcc/arm-none-eabi/10.3.1/../../../../arm-none-eabi/lib/thumb/v7-m/nofp\libc_nano.a(lib_a-memset.o)
                              c:/st/stm32cubeide_1.12.0/stm32cubeide/plugins/com.st.stm32cube.ide.mcu.externaltools.gnu-tools-for-stm32.10.3-2021.10.win32_1.0.200.202301161003/tools/bin/../lib/gcc/arm-none-eabi/10.3.1/../../../../arm-none-eabi/lib/thumb/v7-m/nofp/crt0.o (memset)
c:/st/stm32cubeide_1.12.0/stm32cubeide/plugins/com.st.stm32cube.ide.mcu.externaltools.gnu-tools-for-stm32.10.3-2021.10.win32_1.0.200.202301161003/tools/bin/../lib/gcc/arm-none-eabi/10.3.1/../../../../arm-none-eabi/lib/thumb/v7-m/nofp\libc_nano.a(lib_a-sprintf.o)
                              ./Src/stm32/lcd-i2c.o (sprintf)
c:/st/stm32cubeide_1.12.0/stm32cubeide/plugins/com.st.stm32cube.ide.mcu.externaltools.gnu-tools-for-stm32.10.3-2021.10.win32_1.0.200.202301161003/tools/bin/../lib/gcc/arm-none-eabi/10.3.1/../../../../arm-none-eabi/lib/thumb/v7-m/nofp\libc_nano.a(lib_a-nano-svfprintf.o)
                              c:/st/stm32cubeide_1.12.0/stm32cubeide/plugins/com.st.stm32cube.ide.mcu.externaltools.gnu-tools-for-stm32.10.3-2021.10.win32_1.0.200.202301161003/tools/bin/../lib/gcc/arm-none-eabi/10.3.1/../../../../arm-none-eabi/lib/thumb/v7-m/nofp\libc_nano.a(lib_a-sprintf.o) (_svfprintf_r)
c:/st/stm32cubeide_1.12.0/stm32cubeide/plugins/com.st.stm32cube.ide.mcu.externaltools.gnu-tools-for-stm32.10.3-2021.10.win32_1.0.200.202301161003/tools/bin/../lib/gcc/arm-none-eabi/10.3.1/../../../../arm-none-eabi/lib/thumb/v7-m/nofp\libc_nano.a(lib_a-nano-vfprintf_i.o)
                              c:/st/stm32cubeide_1.12.0/stm32cubeide/plugins/com.st.stm32cube.ide.mcu.externaltools.gnu-tools-for-stm32.10.3-2021.10.win32_1.0.200.202301161003/tools/bin/../lib/gcc/arm-none-eabi/10.3.1/../../../../arm-none-eabi/lib/thumb/v7-m/nofp\libc_nano.a(lib_a-nano-svfprintf.o) (_printf_i)
c:/st/stm32cubeide_1.12.0/stm32cubeide/plugins/com.st.stm32cube.ide.mcu.externaltools.gnu-tools-for-stm32.10.3-2021.10.win32_1.0.200.202301161003/tools/bin/../lib/gcc/arm-none-eabi/10.3.1/../../../../arm-none-eabi/lib/thumb/v7-m/nofp\libc_nano.a(lib_a-memchr-stub.o)
                              c:/st/stm32cubeide_1.12.0/stm32cubeide/plugins/com.st.stm32cube.ide.mcu.externaltools.gnu-tools-for-stm32.10.3-2021.10.win32_1.0.200.202301161003/tools/bin/../lib/gcc/arm-none-eabi/10.3.1/../../../../arm-none-eabi/lib/thumb/v7-m/nofp\libc_nano.a(lib_a-nano-svfprintf.o) (memchr)
[...]
Memory Configuration

Name             Origin             Length             Attributes
RAM              0x0000000020000000 0x0000000000005000 xrw
FLASH            0x0000000008000000 0x0000000000010000 xr
*default*        0x0000000000000000 0xffffffffffffffff

Linker script and memory map

LOAD c:/st/stm32cubeide_1.12.0/stm32cubeide/plugins/com.st.stm32cube.ide.mcu.externaltools.gnu-tools-for-stm32.10.3-2021.10.win32_1.0.200.202301161003/tools/bin/../lib/gcc/arm-none-eabi/10.3.1/thumb/v7-m/nofp/crti.o
LOAD c:/st/stm32cubeide_1.12.0/stm32cubeide/plugins/com.st.stm32cube.ide.mcu.externaltools.gnu-tools-for-stm32.10.3-2021.10.win32_1.0.200.202301161003/tools/bin/../lib/gcc/arm-none-eabi/10.3.1/thumb/v7-m/nofp/crtbegin.o
LOAD c:/st/stm32cubeide_1.12.0/stm32cubeide/plugins/com.st.stm32cube.ide.mcu.externaltools.gnu-tools-for-stm32.10.3-2021.10.win32_1.0.200.202301161003/tools/bin/../lib/gcc/arm-none-eabi/10.3.1/../../../../arm-none-eabi/lib/thumb/v7-m/nofp/crt0.o
LOAD ./Drivers/STM32F1xx_HAL_Driver/Src/stm32f1xx_hal.o
LOAD ./Drivers/STM32F1xx_HAL_Driver/Src/stm32f1xx_hal_cortex.o
LOAD ./Drivers/STM32F1xx_HAL_Driver/Src/stm32f1xx_hal_dma.o
LOAD ./Drivers/STM32F1xx_HAL_Driver/Src/stm32f1xx_hal_exti.o
LOAD ./Drivers/STM32F1xx_HAL_Driver/Src/stm32f1xx_hal_flash.o
LOAD ./Drivers/STM32F1xx_HAL_Driver/Src/stm32f1xx_hal_flash_ex.o
LOAD ./Drivers/STM32F1xx_HAL_Driver/Src/stm32f1xx_hal_gpio.o
LOAD ./Drivers/STM32F1xx_HAL_Driver/Src/stm32f1xx_hal_gpio_ex.o
LOAD ./Drivers/STM32F1xx_HAL_Driver/Src/stm32f1xx_hal_i2c.o
LOAD ./Drivers/STM32F1xx_HAL_Driver/Src/stm32f1xx_hal_pwr.o
LOAD ./Drivers/STM32F1xx_HAL_Driver/Src/stm32f1xx_hal_rcc.o
LOAD ./Drivers/STM32F1xx_HAL_Driver/Src/stm32f1xx_hal_rcc_ex.o
LOAD ./Drivers/STM32F1xx_HAL_Driver/Src/stm32f1xx_hal_tim.o
LOAD ./Drivers/STM32F1xx_HAL_Driver/Src/stm32f1xx_hal_tim_ex.o
LOAD ./Drivers/STM32F1xx_HAL_Driver/Src/stm32f1xx_ll_dma.o
LOAD ./Drivers/STM32F1xx_HAL_Driver/Src/stm32f1xx_ll_exti.o
LOAD ./Drivers/STM32F1xx_HAL_Driver/Src/stm32f1xx_ll_gpio.o
LOAD ./Drivers/STM32F1xx_HAL_Driver/Src/stm32f1xx_ll_rcc.o
LOAD ./Drivers/STM32F1xx_HAL_Driver/Src/stm32f1xx_ll_tim.o
LOAD ./Drivers/STM32F1xx_HAL_Driver/Src/stm32f1xx_ll_usart.o
LOAD ./Drivers/STM32F1xx_HAL_Driver/Src/stm32f1xx_ll_utils.o
LOAD ./Src/gpio.o
LOAD ./Src/i2c.o
LOAD ./Src/main.o
LOAD ./Src/stm32f1xx_hal_msp.o
LOAD ./Src/stm32f1xx_it.o
LOAD ./Src/syscalls.o
LOAD ./Src/system_stm32f1xx.o
LOAD ./Src/tim.o
LOAD ./Src/usart.o
LOAD ./Src/grbl/coolant_control.o
LOAD ./Src/grbl/eeprom.o
LOAD ./Src/grbl/gcode.o
LOAD ./Src/grbl/jog.o
LOAD ./Src/grbl/limits.o
LOAD ./Src/grbl/motion_control.o
LOAD ./Src/grbl/nuts_bolts.o
LOAD ./Src/grbl/planner.o
LOAD ./Src/grbl/print.o
LOAD ./Src/grbl/probe.o
LOAD ./Src/grbl/protocol.o
LOAD ./Src/grbl/report.o
LOAD ./Src/grbl/serial.o
LOAD ./Src/grbl/settings.o
LOAD ./Src/grbl/spindle_control.o
LOAD ./Src/grbl/stepper.o
LOAD ./Src/grbl/system.o
LOAD ./Src/stm32/inoutputs.o
LOAD ./Src/stm32/lcd-i2c.o
LOAD ./Src/stm32/stm32utilities.o
LOAD ./startup/startup_stm32f103xb.o
START GROUP
LOAD c:/st/stm32cubeide_1.12.0/stm32cubeide/plugins/com.st.stm32cube.ide.mcu.externaltools.gnu-tools-for-stm32.10.3-2021.10.win32_1.0.200.202301161003/tools/bin/../lib/gcc/arm-none-eabi/10.3.1/../../../../arm-none-eabi/lib/thumb/v7-m/nofp\libc_nano.a
LOAD c:/st/stm32cubeide_1.12.0/stm32cubeide/plugins/com.st.stm32cube.ide.mcu.externaltools.gnu-tools-for-stm32.10.3-2021.10.win32_1.0.200.202301161003/tools/bin/../lib/gcc/arm-none-eabi/10.3.1/../../../../arm-none-eabi/lib/thumb/v7-m/nofp\libm.a
END GROUP
START GROUP
LOAD c:/st/stm32cubeide_1.12.0/stm32cubeide/plugins/com.st.stm32cube.ide.mcu.externaltools.gnu-tools-for-stm32.10.3-2021.10.win32_1.0.200.202301161003/tools/bin/../lib/gcc/arm-none-eabi/10.3.1/thumb/v7-m/nofp\libgcc.a
LOAD c:/st/stm32cubeide_1.12.0/stm32cubeide/plugins/com.st.stm32cube.ide.mcu.externaltools.gnu-tools-for-stm32.10.3-2021.10.win32_1.0.200.202301161003/tools/bin/../lib/gcc/arm-none-eabi/10.3.1/../../../../arm-none-eabi/lib/thumb/v7-m/nofp\libc_nano.a
END GROUP
START GROUP
LOAD c:/st/stm32cubeide_1.12.0/stm32cubeide/plugins/com.st.stm32cube.ide.mcu.externaltools.gnu-tools-for-stm32.10.3-2021.10.win32_1.0.200.202301161003/tools/bin/../lib/gcc/arm-none-eabi/10.3.1/thumb/v7-m/nofp\libgcc.a
LOAD c:/st/stm32cubeide_1.12.0/stm32cubeide/plugins/com.st.stm32cube.ide.mcu.externaltools.gnu-tools-for-stm32.10.3-2021.10.win32_1.0.200.202301161003/tools/bin/../lib/gcc/arm-none-eabi/10.3.1/../../../../arm-none-eabi/lib/thumb/v7-m/nofp\libc_nano.a
LOAD c:/st/stm32cubeide_1.12.0/stm32cubeide/plugins/com.st.stm32cube.ide.mcu.externaltools.gnu-tools-for-stm32.10.3-2021.10.win32_1.0.200.202301161003/tools/bin/../lib/gcc/arm-none-eabi/10.3.1/../../../../arm-none-eabi/lib/thumb/v7-m/nofp\libnosys.a
END GROUP
START GROUP
LOAD c:/st/stm32cubeide_1.12.0/stm32cubeide/plugins/com.st.stm32cube.ide.mcu.externaltools.gnu-tools-for-stm32.10.3-2021.10.win32_1.0.200.202301161003/tools/bin/../lib/gcc/arm-none-eabi/10.3.1/thumb/v7-m/nofp\libgcc.a
LOAD c:/st/stm32cubeide_1.12.0/stm32cubeide/plugins/com.st.stm32cube.ide.mcu.externaltools.gnu-tools-for-stm32.10.3-2021.10.win32_1.0.200.202301161003/tools/bin/../lib/gcc/arm-none-eabi/10.3.1/../../../../arm-none-eabi/lib/thumb/v7-m/nofp\libc_nano.a
LOAD c:/st/stm32cubeide_1.12.0/stm32cubeide/plugins/com.st.stm32cube.ide.mcu.externaltools.gnu-tools-for-stm32.10.3-2021.10.win32_1.0.200.202301161003/tools/bin/../lib/gcc/arm-none-eabi/10.3.1/../../../../arm-none-eabi/lib/thumb/v7-m/nofp\libnosys.a
END GROUP
LOAD c:/st/stm32cubeide_1.12.0/stm32cubeide/plugins/com.st.stm32cube.ide.mcu.externaltools.gnu-tools-for-stm32.10.3-2021.10.win32_1.0.200.202301161003/tools/bin/../lib/gcc/arm-none-eabi/10.3.1/thumb/v7-m/nofp/crtend.o
LOAD c:/st/stm32cubeide_1.12.0/stm32cubeide/plugins/com.st.stm32cube.ide.mcu.externaltools.gnu-tools-for-stm32.10.3-2021.10.win32_1.0.200.202301161003/tools/bin/../lib/gcc/arm-none-eabi/10.3.1/thumb/v7-m/nofp/crtn.o
                0x0000000020005000                _estack = 0x20005000
                0x0000000000000200                _Min_Heap_Size = 0x200
                0x0000000000000400                _Min_Stack_Size = 0x400

.isr_vector     0x0000000008000000      0x10c
                0x0000000008000000                . = ALIGN (0x4)
 *(.isr_vector)
 .isr_vector    0x0000000008000000      0x10c ./startup/startup_stm32f103xb.o
                0x0000000008000000                g_pfnVectors
                0x000000000800010c                . = ALIGN (0x4)

.text           0x0000000008000110     0x99d0
                0x0000000008000110                . = ALIGN (0x4)
 *(.text)
 .text          0x0000000008000110       0x40 c:/st/stm32cubeide_1.12.0/stm32cubeide/plugins/com.st.stm32cube.ide.mcu.externaltools.gnu-tools-for-stm32.10.3-2021.10.win32_1.0.200.202301161003/tools/bin/../lib/gcc/arm-none-eabi/10.3.1/thumb/v7-m/nofp/crtbegin.o
 .text          0x0000000008000150      0x378 c:/st/stm32cubeide_1.12.0/stm32cubeide/plugins/com.st.stm32cube.ide.mcu.externaltools.gnu-tools-for-stm32.10.3-2021.10.win32_1.0.200.202301161003/tools/bin/../lib/gcc/arm-none-eabi/10.3.1/thumb/v7-m/nofp\libgcc.a(_arm_addsubdf3.o)
                0x0000000008000150                __aeabi_drsub
                0x0000000008000158                __aeabi_dsub
                0x0000000008000158                __subdf3
                0x000000000800015c                __aeabi_dadd
                0x000000000800015c                __adddf3
                0x00000000080003d4                __floatunsidf
                0x00000000080003d4                __aeabi_ui2d
                0x00000000080003f4                __floatsidf
                0x00000000080003f4                __aeabi_i2d
                0x0000000008000418                __aeabi_f2d
                0x0000000008000418                __extendsfdf2
                0x000000000800045c                __floatundidf
                0x000000000800045c                __aeabi_ul2d
                0x000000000800046c                __floatdidf
                0x000000000800046c                __aeabi_l2d
 .text          0x00000000080004c8      0x424 c:/st/stm32cubeide_1.12.0/stm32cubeide/plugins/com.st.stm32cube.ide.mcu.externaltools.gnu-tools-for-stm32.10.3-2021.10.win32_1.0.200.202301161003/tools/bin/../lib/gcc/arm-none-eabi/10.3.1/thumb/v7-m/nofp\libgcc.a(_arm_muldivdf3.o)
                0x00000000080004c8                __aeabi_dmul
                0x00000000080004c8                __muldf3
                0x000000000800071c                __divdf3
                0x000000000800071c                __aeabi_ddiv
 .text          0x00000000080008ec      0x110 c:/st/stm32cubeide_1.12.0/stm32cubeide/plugins/com.st.stm32cube.ide.mcu.externaltools.gnu-tools-for-stm32.10.3-2021.10.win32_1.0.200.202301161003/tools/bin/../lib/gcc/arm-none-eabi/10.3.1/thumb/v7-m/nofp\libgcc.a(_arm_cmpdf2.o)
                0x00000000080008ec                __gtdf2
                0x00000000080008ec                __gedf2
                0x00000000080008f4                __ltdf2
                0x00000000080008f4                __ledf2
                0x00000000080008fc                __nedf2
                0x00000000080008fc                __eqdf2
                0x00000000080008fc                __cmpdf2
                0x0000000008000978                __aeabi_cdrcmple
                0x0000000008000988                __aeabi_cdcmpeq
                0x0000000008000988                __aeabi_cdcmple
                0x0000000008000998                __aeabi_dcmpeq
                0x00000000080009ac                __aeabi_dcmplt
                0x00000000080009c0                __aeabi_dcmple
                0x00000000080009d4                __aeabi_dcmpge
                0x00000000080009e8                __aeabi_dcmpgt
 .text          0x00000000080009fc       0x2c c:/st/stm32cubeide_1.12.0/stm32cubeide/plugins/com.st.stm32cube.ide.mcu.externaltools.gnu-tools-for-stm32.10.3-2021.10.win32_1.0.200.202301161003/tools/bin/../lib/gcc/arm-none-eabi/10.3.1/thumb/v7-m/nofp\libgcc.a(_arm_unorddf2.o)
                0x00000000080009fc                __unorddf2
                0x00000000080009fc                __aeabi_dcmpun
 .text          0x0000000008000a28       0x50 c:/st/stm32cubeide_1.12.0/stm32cubeide/plugins/com.st.stm32cube.ide.mcu.externaltools.gnu-tools-for-stm32.10.3-2021.10.win32_1.0.200.202301161003/tools/bin/../lib/gcc/arm-none-eabi/10.3.1/thumb/v7-m/nofp\libgcc.a(_arm_fixdfsi.o)
                0x0000000008000a28                __aeabi_d2iz
                0x0000000008000a28                __fixdfsi
 .text          0x0000000008000a78       0x40 c:/st/stm32cubeide_1.12.0/stm32cubeide/plugins/com.st.stm32cube.ide.mcu.externaltools.gnu-tools-for-stm32.10.3-2021.10.win32_1.0.200.202301161003/tools/bin/../lib/gcc/arm-none-eabi/10.3.1/thumb/v7-m/nofp\libgcc.a(_arm_fixunsdfsi.o)
                0x0000000008000a78                __aeabi_d2uiz
                0x0000000008000a78                __fixunsdfsi
 .text          0x0000000008000ab8       0xa0 c:/st/stm32cubeide_1.12.0/stm32cubeide/plugins/com.st.stm32cube.ide.mcu.externaltools.gnu-tools-for-stm32.10.3-2021.10.win32_1.0.200.202301161003/tools/bin/../lib/gcc/arm-none-eabi/10.3.1/thumb/v7-m/nofp\libgcc.a(_arm_truncdfsf2.o)
                0x0000000008000ab8                __truncdfsf2
                0x0000000008000ab8                __aeabi_d2f
 .text          0x0000000008000b58      0x21c c:/st/stm32cubeide_1.12.0/stm32cubeide/plugins/com.st.stm32cube.ide.mcu.externaltools.gnu-tools-for-stm32.10.3-2021.10.win32_1.0.200.202301161003/tools/bin/../lib/gcc/arm-none-eabi/10.3.1/thumb/v7-m/nofp\libgcc.a(_arm_addsubsf3.o)
                0x0000000008000b58                __aeabi_frsub
                0x0000000008000b60                __subsf3
                0x0000000008000b60                __aeabi_fsub
                0x0000000008000b64                __aeabi_fadd
                0x0000000008000b64                __addsf3
                0x0000000008000cc4                __aeabi_ui2f
                0x0000000008000cc4                __floatunsisf
                0x0000000008000ccc                __aeabi_i2f
                0x0000000008000ccc                __floatsisf
                0x0000000008000ce8                __aeabi_ul2f
                0x0000000008000ce8                __floatundisf
                0x0000000008000cf8                __aeabi_l2f
                0x0000000008000cf8                __floatdisf
 .text          0x0000000008000d74      0x2a0 c:/st/stm32cubeide_1.12.0/stm32cubeide/plugins/com.st.stm32cube.ide.mcu.externaltools.gnu-tools-for-stm32.10.3-2021.10.win32_1.0.200.202301161003/tools/bin/../lib/gcc/arm-none-eabi/10.3.1/thumb/v7-m/nofp\libgcc.a(_arm_muldivsf3.o)
                0x0000000008000d74                __mulsf3
                0x0000000008000d74                __aeabi_fmul
                0x0000000008000edc                __aeabi_fdiv
                0x0000000008000edc                __divsf3
 .text          0x0000000008001014       0xec c:/st/stm32cubeide_1.12.0/stm32cubeide/plugins/com.st.stm32cube.ide.mcu.externaltools.gnu-tools-for-stm32.10.3-2021.10.win32_1.0.200.202301161003/tools/bin/../lib/gcc/arm-none-eabi/10.3.1/thumb/v7-m/nofp\libgcc.a(_arm_cmpsf2.o)
                0x0000000008001014                __gesf2
                0x0000000008001014                __gtsf2
                0x000000000800101c                __lesf2
                0x000000000800101c                __ltsf2
                0x0000000008001024                __nesf2
                0x0000000008001024                __eqsf2
                0x0000000008001024                __cmpsf2
                0x0000000008001084                __aeabi_cfrcmple
                0x000000000800108c                __aeabi_cfcmpeq
                0x000000000800108c                __aeabi_cfcmple
                0x000000000800109c                __aeabi_fcmpeq
                0x00000000080010b0                __aeabi_fcmplt
                0x00000000080010c4                __aeabi_fcmple
                0x00000000080010d8                __aeabi_fcmpge
                0x00000000080010ec                __aeabi_fcmpgt
 .text          0x0000000008001100       0x2c c:/st/stm32cubeide_1.12.0/stm32cubeide/plugins/com.st.stm32cube.ide.mcu.externaltools.gnu-tools-for-stm32.10.3-2021.10.win32_1.0.200.202301161003/tools/bin/../lib/gcc/arm-none-eabi/10.3.1/thumb/v7-m/nofp\libgcc.a(_arm_unordsf2.o)
                0x0000000008001100                __unordsf2
                0x0000000008001100                __aeabi_fcmpun
 .text          0x000000000800112c       0x4c c:/st/stm32cubeide_1.12.0/stm32cubeide/plugins/com.st.stm32cube.ide.mcu.externaltools.gnu-tools-for-stm32.10.3-2021.10.win32_1.0.200.202301161003/tools/bin/../lib/gcc/arm-none-eabi/10.3.1/thumb/v7-m/nofp\libgcc.a(_arm_fixsfsi.o)
                0x000000000800112c                __aeabi_f2iz
                0x000000000800112c                __fixsfsi
 .text          0x0000000008001178       0x40 c:/st/stm32cubeide_1.12.0/stm32cubeide/plugins/com.st.stm32cube.ide.mcu.externaltools.gnu-tools-for-stm32.10.3-2021.10.win32_1.0.200.202301161003/tools/bin/../lib/gcc/arm-none-eabi/10.3.1/thumb/v7-m/nofp\libgcc.a(_arm_fixunssfsi.o)
                0x0000000008001178                __fixunssfsi
                0x0000000008001178                __aeabi_f2uiz
 *(.text*)
 .text.HAL_InitTick
                0x00000000080011b8       0x48 ./Drivers/STM32F1xx_HAL_Driver/Src/stm32f1xx_hal.o
                0x00000000080011b8                HAL_InitTick
 .text.HAL_Init
                0x0000000008001200       0x24 ./Drivers/STM32F1xx_HAL_Driver/Src/stm32f1xx_hal.o
                0x0000000008001200                HAL_Init
 .text.HAL_IncTick
                0x0000000008001224       0x18 ./Drivers/STM32F1xx_HAL_Driver/Src/stm32f1xx_hal.o
                0x0000000008001224                HAL_IncTick
 .text.HAL_GetTick
                0x000000000800123c        0xc ./Drivers/STM32F1xx_HAL_Driver/Src/stm32f1xx_hal.o
                0x000000000800123c                HAL_GetTick
 .text.HAL_Delay
                0x0000000008001248       0x24 ./Drivers/STM32F1xx_HAL_Driver/Src/stm32f1xx_hal.o
                0x0000000008001248                HAL_Delay
 .text.HAL_NVIC_SetPriorityGrouping
                0x000000000800126c       0x24 ./Drivers/STM32F1xx_HAL_Driver/Src/stm32f1xx_hal_cortex.o
                0x000000000800126c                HAL_NVIC_SetPriorityGrouping
 .text.HAL_NVIC_SetPriority
                0x0000000008001290       0x64 ./Drivers/STM32F1xx_HAL_Driver/Src/stm32f1xx_hal_cortex.o
                0x0000000008001290                HAL_NVIC_SetPriority
 .text.HAL_NVIC_EnableIRQ
                0x00000000080012f4       0x1c ./Drivers/STM32F1xx_HAL_Driver/Src/stm32f1xx_hal_cortex.o
                0x00000000080012f4                HAL_NVIC_EnableIRQ
 .text.HAL_SYSTICK_Config
                0x0000000008001310       0x28 ./Drivers/STM32F1xx_HAL_Driver/Src/stm32f1xx_hal_cortex.o
                0x0000000008001310                HAL_SYSTICK_Config
 .text.HAL_NVIC_ClearPendingIRQ
                0x0000000008001338       0x20 ./Drivers/STM32F1xx_HAL_Driver/Src/stm32f1xx_hal_cortex.o
                0x0000000008001338                HAL_NVIC_ClearPendingIRQ
 .text.FLASH_SetErrorCode
                0x0000000008001358       0x50 ./Drivers/STM32F1xx_HAL_Driver/Src/stm32f1xx_hal_flash.o
 .text.HAL_FLASH_Unlock
                0x00000000080013a8       0x24 ./Drivers/STM32F1xx_HAL_Driver/Src/stm32f1xx_hal_flash.o
                0x00000000080013a8                HAL_FLASH_Unlock
 .text.HAL_FLASH_Lock
                0x00000000080013cc       0x14 ./Drivers/STM32F1xx_HAL_Driver/Src/stm32f1xx_hal_flash.o
                0x00000000080013cc                HAL_FLASH_Lock
 .text.FLASH_WaitForLastOperation
                0x00000000080013e0       0x54 ./Drivers/STM32F1xx_HAL_Driver/Src/stm32f1xx_hal_flash.o
                0x00000000080013e0                FLASH_WaitForLastOperation
 .text.HAL_FLASH_Program
                0x0000000008001434       0xa0 ./Drivers/STM32F1xx_HAL_Driver/Src/stm32f1xx_hal_flash.o
                0x0000000008001434                HAL_FLASH_Program
 .text.FLASH_PageErase
                0x00000000080014d4       0x24 ./Drivers/STM32F1xx_HAL_Driver/Src/stm32f1xx_hal_flash_ex.o
                0x00000000080014d4                FLASH_PageErase
 .text.HAL_GPIO_Init
                0x00000000080014f8      0x1b4 ./Drivers/STM32F1xx_HAL_Driver/Src/stm32f1xx_hal_gpio.o
                0x00000000080014f8                HAL_GPIO_Init
 .text.HAL_GPIO_WritePin
                0x00000000080016ac        0xa ./Drivers/STM32F1xx_HAL_Driver/Src/stm32f1xx_hal_gpio.o
                0x00000000080016ac                HAL_GPIO_WritePin
 .text.HAL_GPIO_EXTI_Callback
                0x00000000080016b6        0x2 ./Drivers/STM32F1xx_HAL_Driver/Src/stm32f1xx_hal_gpio.o
                0x00000000080016b6                HAL_GPIO_EXTI_Callback
 .text.HAL_GPIO_EXTI_IRQHandler
                0x00000000080016b8       0x18 ./Drivers/STM32F1xx_HAL_Driver/Src/stm32f1xx_hal_gpio.o
                0x00000000080016b8                HAL_GPIO_EXTI_IRQHandler
 .text.HAL_I2C_Init
                0x00000000080016d0      0x140 ./Drivers/STM32F1xx_HAL_Driver/Src/stm32f1xx_hal_i2c.o
                0x00000000080016d0                HAL_I2C_Init
 .text.HAL_RCC_OscConfig
                0x0000000008001810      0x338 ./Drivers/STM32F1xx_HAL_Driver/Src/stm32f1xx_hal_rcc.o
                0x0000000008001810                HAL_RCC_OscConfig
 .text.HAL_RCC_GetSysClockFreq
                0x0000000008001b48       0x74 ./Drivers/STM32F1xx_HAL_Driver/Src/stm32f1xx_hal_rcc.o
                0x0000000008001b48                HAL_RCC_GetSysClockFreq
 .text.HAL_RCC_ClockConfig
                0x0000000008001bbc      0x138 ./Drivers/STM32F1xx_HAL_Driver/Src/stm32f1xx_hal_rcc.o
                0x0000000008001bbc                HAL_RCC_ClockConfig
 .text.HAL_RCC_GetPCLK1Freq
                0x0000000008001cf4       0x20 ./Drivers/STM32F1xx_HAL_Driver/Src/stm32f1xx_hal_rcc.o
                0x0000000008001cf4                HAL_RCC_GetPCLK1Freq
 .text.LL_GPIO_Init
                0x0000000008001d14      0x102 ./Drivers/STM32F1xx_HAL_Driver/Src/stm32f1xx_ll_gpio.o
                0x0000000008001d14                LL_GPIO_Init
 *fill*         0x0000000008001e16        0x2 
 .text.RCC_GetHCLKClockFreq
                0x0000000008001e18       0x18 ./Drivers/STM32F1xx_HAL_Driver/Src/stm32f1xx_ll_rcc.o
                0x0000000008001e18                RCC_GetHCLKClockFreq
 .text.RCC_GetPCLK1ClockFreq
                0x0000000008001e30       0x18 ./Drivers/STM32F1xx_HAL_Driver/Src/stm32f1xx_ll_rcc.o
                0x0000000008001e30                RCC_GetPCLK1ClockFreq
 .text.RCC_GetPCLK2ClockFreq
                0x0000000008001e48       0x18 ./Drivers/STM32F1xx_HAL_Driver/Src/stm32f1xx_ll_rcc.o
                0x0000000008001e48                RCC_GetPCLK2ClockFreq
 .text.RCC_PLL_GetFreqDomain_SYS
                0x0000000008001e60       0x34 ./Drivers/STM32F1xx_HAL_Driver/Src/stm32f1xx_ll_rcc.o
                0x0000000008001e60                RCC_PLL_GetFreqDomain_SYS
 .text.RCC_GetSystemClockFreq
                0x0000000008001e94       0x1c ./Drivers/STM32F1xx_HAL_Driver/Src/stm32f1xx_ll_rcc.o
                0x0000000008001e94                RCC_GetSystemClockFreq
 .text.LL_RCC_GetSystemClocksFreq
                0x0000000008001eb0       0x20 ./Drivers/STM32F1xx_HAL_Driver/Src/stm32f1xx_ll_rcc.o
                0x0000000008001eb0                LL_RCC_GetSystemClocksFreq
 .text.LL_TIM_Init
                0x0000000008001ed0       0x70 ./Drivers/STM32F1xx_HAL_Driver/Src/stm32f1xx_ll_tim.o
                0x0000000008001ed0                LL_TIM_Init
 .text.LL_TIM_OC_Init
                0x0000000008001f40      0x190 ./Drivers/STM32F1xx_HAL_Driver/Src/stm32f1xx_ll_tim.o
                0x0000000008001f40                LL_TIM_OC_Init
 .text.LL_TIM_BDTR_Init
                0x00000000080020d0       0x34 ./Drivers/STM32F1xx_HAL_Driver/Src/stm32f1xx_ll_tim.o
                0x00000000080020d0                LL_TIM_BDTR_Init
 .text.LL_USART_Init
                0x0000000008002104       0xa4 ./Drivers/STM32F1xx_HAL_Driver/Src/stm32f1xx_ll_usart.o
                0x0000000008002104                LL_USART_Init
 .text.MX_GPIO_Init
                0x00000000080021a8      0x130 ./Src/gpio.o
                0x00000000080021a8                MX_GPIO_Init
 .text.MX_I2C1_Init
                0x00000000080022d8       0x3c ./Src/i2c.o
                0x00000000080022d8                MX_I2C1_Init
 .text.HAL_I2C_MspInit
                0x0000000008002314       0x78 ./Src/i2c.o
                0x0000000008002314                HAL_I2C_MspInit
 .text.SystemClock_Config
                0x000000000800238c       0x56 ./Src/main.o
                0x000000000800238c                SystemClock_Config
 *fill*         0x00000000080023e2        0x2 
 .text.startup.main
                0x00000000080023e4      0x14c ./Src/main.o
                0x00000000080023e4                main
 .text.Error_Handler
                0x0000000008002530        0x2 ./Src/main.o
                0x0000000008002530                Error_Handler
 *fill*         0x0000000008002532        0x2 
 .text.HAL_MspInit
                0x0000000008002534       0x44 ./Src/stm32f1xx_hal_msp.o
                0x0000000008002534                HAL_MspInit
 .text.NMI_Handler
                0x0000000008002578        0x2 ./Src/stm32f1xx_it.o
                0x0000000008002578                NMI_Handler
 .text.HardFault_Handler
                0x000000000800257a        0x2 ./Src/stm32f1xx_it.o
                0x000000000800257a                HardFault_Handler
 .text.MemManage_Handler
                0x000000000800257c        0x2 ./Src/stm32f1xx_it.o
                0x000000000800257c                MemManage_Handler
 .text.BusFault_Handler
                0x000000000800257e        0x2 ./Src/stm32f1xx_it.o
                0x000000000800257e                BusFault_Handler
 .text.UsageFault_Handler
                0x0000000008002580        0x2 ./Src/stm32f1xx_it.o
                0x0000000008002580                UsageFault_Handler
 .text.SVC_Handler
                0x0000000008002582        0x2 ./Src/stm32f1xx_it.o
                0x0000000008002582                SVC_Handler
 .text.DebugMon_Handler
                0x0000000008002584        0x2 ./Src/stm32f1xx_it.o
                0x0000000008002584                DebugMon_Handler
 .text.PendSV_Handler
                0x0000000008002586        0x2 ./Src/stm32f1xx_it.o
                0x0000000008002586                PendSV_Handler
 .text.SysTick_Handler
                0x0000000008002588        0x4 ./Src/stm32f1xx_it.o
                0x0000000008002588                SysTick_Handler
 .text.EXTI0_IRQHandler
                0x000000000800258c       0x1c ./Src/stm32f1xx_it.o
                0x000000000800258c                EXTI0_IRQHandler
 .text.EXTI1_IRQHandler
                0x00000000080025a8       0x1c ./Src/stm32f1xx_it.o
                0x00000000080025a8                EXTI1_IRQHandler
 .text.EXTI3_IRQHandler
                0x00000000080025c4       0x20 ./Src/stm32f1xx_it.o
                0x00000000080025c4                EXTI3_IRQHandler
 .text.EXTI4_IRQHandler
                0x00000000080025e4       0x20 ./Src/stm32f1xx_it.o
                0x00000000080025e4                EXTI4_IRQHandler
 .text.TIM2_IRQHandler
                0x0000000008002604       0x1a ./Src/stm32f1xx_it.o
                0x0000000008002604                TIM2_IRQHandler
 *fill*         0x000000000800261e        0x2 
 .text.TIM3_IRQHandler
                0x0000000008002620       0x34 ./Src/stm32f1xx_it.o
                0x0000000008002620                TIM3_IRQHandler
 .text.USART1_IRQHandler
                0x0000000008002654       0x20 ./Src/stm32f1xx_it.o
                0x0000000008002654                USART1_IRQHandler
 .text.EXTI15_10_IRQHandler
                0x0000000008002674       0x30 ./Src/stm32f1xx_it.o
                0x0000000008002674                EXTI15_10_IRQHandler
 .text._sbrk    0x00000000080026a4       0x34 ./Src/syscalls.o
                0x00000000080026a4                _sbrk
 .text.SystemInit
                0x00000000080026d8       0x4c ./Src/system_stm32f1xx.o
                0x00000000080026d8                SystemInit
 .text.NVIC_EncodePriority.constprop.0
                0x0000000008002724        0x4 ./Src/tim.o
 .text.MX_TIM1_Init
                0x0000000008002728      0x100 ./Src/tim.o
                0x0000000008002728                MX_TIM1_Init
 .text.MX_TIM2_Init
                0x0000000008002828       0x8c ./Src/tim.o
                0x0000000008002828                MX_TIM2_Init
 .text.MX_TIM3_Init
                0x00000000080028b4       0x8c ./Src/tim.o
                0x00000000080028b4                MX_TIM3_Init
 .text.MX_USART1_UART_Init
                0x0000000008002940       0xc0 ./Src/usart.o
                0x0000000008002940                MX_USART1_UART_Init
 .text.coolant_get_state
                0x0000000008002a00       0x18 ./Src/grbl/coolant_control.o
                0x0000000008002a00                coolant_get_state
 .text.coolant_stop
                0x0000000008002a18       0x20 ./Src/grbl/coolant_control.o
                0x0000000008002a18                coolant_stop
 .text.coolant_init
                0x0000000008002a38        0x4 ./Src/grbl/coolant_control.o
                0x0000000008002a38                coolant_init
 .text.coolant_set_state
                0x0000000008002a3c       0x3c ./Src/grbl/coolant_control.o
                0x0000000008002a3c                coolant_set_state
 .text.coolant_sync
                0x0000000008002a78       0x20 ./Src/grbl/coolant_control.o
                0x0000000008002a78                coolant_sync
 .text.eeprom_flush
                0x0000000008002a98       0x70 ./Src/grbl/eeprom.o
                0x0000000008002a98                eeprom_flush
 .text.eeprom_init
                0x0000000008002b08       0x3c ./Src/grbl/eeprom.o
                0x0000000008002b08                eeprom_init
 .text.eeprom_get_char
                0x0000000008002b44        0xc ./Src/grbl/eeprom.o
                0x0000000008002b44                eeprom_get_char
 .text.eeprom_put_char
                0x0000000008002b50        0xc ./Src/grbl/eeprom.o
                0x0000000008002b50                eeprom_put_char
 .text.memcpy_to_eeprom_with_checksum
                0x0000000008002b5c       0x34 ./Src/grbl/eeprom.o
                0x0000000008002b5c                memcpy_to_eeprom_with_checksum
 .text.memcpy_from_eeprom_with_checksum
                0x0000000008002b90       0x30 ./Src/grbl/eeprom.o
                0x0000000008002b90                memcpy_from_eeprom_with_checksum
 .text.gc_init  0x0000000008002bc0       0x2c ./Src/grbl/gcode.o
                0x0000000008002bc0                gc_init
 .text.gc_sync_position
                0x0000000008002bec       0x10 ./Src/grbl/gcode.o
                0x0000000008002bec                gc_sync_position
 *fill*         0x0000000008002bfc        0x4 
 .text.gc_execute_line
                0x0000000008002c00     0x10b8 ./Src/grbl/gcode.o
                0x0000000008002c00                gc_execute_line
 .text.jog_execute
                0x0000000008003cb8       0x5c ./Src/grbl/jog.o
                0x0000000008003cb8                jog_execute
 .text.limits_disable
                0x0000000008003d14       0x18 ./Src/grbl/limits.o
                0x0000000008003d14                limits_disable
 .text.limits_init
                0x0000000008003d2c       0x14 ./Src/grbl/limits.o
                0x0000000008003d2c                limits_init
 .text.limits_get_state
                0x0000000008003d40       0x4c ./Src/grbl/limits.o
                0x0000000008003d40                limits_get_state
 .text.HandleLimitIT
                0x0000000008003d8c       0x30 ./Src/grbl/limits.o
                0x0000000008003d8c                HandleLimitIT
 .text.limits_go_home
                0x0000000008003dbc      0x254 ./Src/grbl/limits.o
                0x0000000008003dbc                limits_go_home
 .text.limits_soft_check
                0x0000000008004010       0x40 ./Src/grbl/limits.o
                0x0000000008004010                limits_soft_check
 .text.mc_line  0x0000000008004050       0x68 ./Src/grbl/motion_control.o
                0x0000000008004050                mc_line
 .text.mc_arc   0x00000000080040b8      0x368 ./Src/grbl/motion_control.o
                0x00000000080040b8                mc_arc
 .text.mc_dwell
                0x0000000008004420       0x24 ./Src/grbl/motion_control.o
                0x0000000008004420                mc_dwell
 .text.mc_homing_cycle
                0x0000000008004444       0x50 ./Src/grbl/motion_control.o
                0x0000000008004444                mc_homing_cycle
 .text.mc_probe_cycle
                0x0000000008004494       0xcc ./Src/grbl/motion_control.o
                0x0000000008004494                mc_probe_cycle
 .text.mc_reset
                0x0000000008004560       0x54 ./Src/grbl/motion_control.o
                0x0000000008004560                mc_reset
 *fill*         0x00000000080045b4        0x4 
 .text.read_float
                0x00000000080045b8      0x114 ./Src/grbl/nuts_bolts.o
                0x00000000080045b8                read_float
 .text._delay_ms
                0x00000000080046cc       0x20 ./Src/grbl/nuts_bolts.o
                0x00000000080046cc                _delay_ms
 .text.delay_sec
                0x00000000080046ec       0x48 ./Src/grbl/nuts_bolts.o
                0x00000000080046ec                delay_sec
 .text.delay_ms
                0x0000000008004734       0x14 ./Src/grbl/nuts_bolts.o
                0x0000000008004734                delay_ms
 .text.hypot_f  0x0000000008004748       0x24 ./Src/grbl/nuts_bolts.o
                0x0000000008004748                hypot_f
 .text.convert_delta_vector_to_unit_vector
                0x000000000800476c       0x6c ./Src/grbl/nuts_bolts.o
                0x000000000800476c                convert_delta_vector_to_unit_vector
 .text.limit_value_by_axis_maximum
                0x00000000080047d8       0x48 ./Src/grbl/nuts_bolts.o
                0x00000000080047d8                limit_value_by_axis_maximum
 .text.planner_recalculate
                0x0000000008004820      0x19c ./Src/grbl/planner.o
 .text.plan_reset_buffer
                0x00000000080049bc       0x28 ./Src/grbl/planner.o
                0x00000000080049bc                plan_reset_buffer
 .text.plan_reset
                0x00000000080049e4       0x18 ./Src/grbl/planner.o
                0x00000000080049e4                plan_reset
 .text.plan_discard_current_block
                0x00000000080049fc       0x34 ./Src/grbl/planner.o
                0x00000000080049fc                plan_discard_current_block
 .text.plan_get_system_motion_block
                0x0000000008004a30       0x18 ./Src/grbl/planner.o
                0x0000000008004a30                plan_get_system_motion_block
 .text.plan_get_current_block
                0x0000000008004a48       0x24 ./Src/grbl/planner.o
                0x0000000008004a48                plan_get_current_block
 .text.plan_get_exec_block_exit_speed_sqr
                0x0000000008004a6c       0x34 ./Src/grbl/planner.o
                0x0000000008004a6c                plan_get_exec_block_exit_speed_sqr
 .text.plan_check_full_buffer
                0x0000000008004aa0       0x18 ./Src/grbl/planner.o
                0x0000000008004aa0                plan_check_full_buffer
 .text.plan_compute_profile_nominal_speed
                0x0000000008004ab8       0xa4 ./Src/grbl/planner.o
                0x0000000008004ab8                plan_compute_profile_nominal_speed
 .text.plan_update_velocity_profile_parameters
                0x0000000008004b5c       0x80 ./Src/grbl/planner.o
                0x0000000008004b5c                plan_update_velocity_profile_parameters
 *fill*         0x0000000008004bdc        0x4 
 .text.plan_buffer_line
                0x0000000008004be0      0x310 ./Src/grbl/planner.o
                0x0000000008004be0                plan_buffer_line
 .text.plan_sync_position
                0x0000000008004ef0       0x1c ./Src/grbl/planner.o
                0x0000000008004ef0                plan_sync_position
 .text.plan_get_block_buffer_available
                0x0000000008004f0c       0x20 ./Src/grbl/planner.o
                0x0000000008004f0c                plan_get_block_buffer_available
 .text.plan_cycle_reinitialize
                0x0000000008004f2c       0x20 ./Src/grbl/planner.o
                0x0000000008004f2c                plan_cycle_reinitialize
 .text.printString
                0x0000000008004f4c       0x12 ./Src/grbl/print.o
                0x0000000008004f4c                printString
 .text.print_uint8_base10
                0x0000000008004f5e       0x50 ./Src/grbl/print.o
                0x0000000008004f5e                print_uint8_base10
 *fill*         0x0000000008004fae        0x2 
 .text.printFloat
                0x0000000008004fb0       0xd4 ./Src/grbl/print.o
                0x0000000008004fb0                printFloat
 *fill*         0x0000000008005084        0x4 
 .text.printFloat_CoordValue
                0x0000000008005088       0x3c ./Src/grbl/print.o
                0x0000000008005088                printFloat_CoordValue
 *fill*         0x00000000080050c4        0x4 
 .text.printFloat_RateValue
                0x00000000080050c8       0x3c ./Src/grbl/print.o
                0x00000000080050c8                printFloat_RateValue
 .text.probe_configure_invert_mask
                0x0000000008005104       0x2c ./Src/grbl/probe.o
                0x0000000008005104                probe_configure_invert_mask
 .text.probe_init
                0x0000000008005130        0x6 ./Src/grbl/probe.o
                0x0000000008005130                probe_init
 *fill*         0x0000000008005136        0x2 
 .text.probe_get_state
                0x0000000008005138       0x1c ./Src/grbl/probe.o
                0x0000000008005138                probe_get_state
 .text.probe_state_monitor
                0x0000000008005154       0x34 ./Src/grbl/probe.o
                0x0000000008005154                probe_state_monitor
 .text.protocol_auto_cycle_start
                0x0000000008005188       0x14 ./Src/grbl/protocol.o
                0x0000000008005188                protocol_auto_cycle_start
 .text.protocol_exec_rt_system
                0x000000000800519c      0x364 ./Src/grbl/protocol.o
                0x000000000800519c                protocol_exec_rt_system
 .text.protocol_execute_realtime
                0x0000000008005500      0x1a8 ./Src/grbl/protocol.o
                0x0000000008005500                protocol_execute_realtime
 .text.protocol_main_loop
                0x00000000080056a8      0x128 ./Src/grbl/protocol.o
                0x00000000080056a8                protocol_main_loop
 .text.protocol_buffer_synchronize
                0x00000000080057d0       0x24 ./Src/grbl/protocol.o
                0x00000000080057d0                protocol_buffer_synchronize
 .text.report_util_line_feed
                0x00000000080057f4        0xc ./Src/grbl/report.o
 .text.report_util_feedback_line_feed
                0x0000000008005800       0x10 ./Src/grbl/report.o
 .text.report_util_axis_values
                0x0000000008005810       0x26 ./Src/grbl/report.o
 .text.report_util_setting_prefix
                0x0000000008005836       0x1a ./Src/grbl/report.o
                0x0000000008005836                report_util_setting_prefix
 .text.report_util_uint8_setting
                0x0000000008005850       0x16 ./Src/grbl/report.o
 .text.report_util_float_setting
                0x0000000008005866       0x1a ./Src/grbl/report.o
 .text.report_status_message
                0x0000000008005880       0x2c ./Src/grbl/report.o
                0x0000000008005880                report_status_message
 .text.report_alarm_message
                0x00000000080058ac       0x24 ./Src/grbl/report.o
                0x00000000080058ac                report_alarm_message
 .text.report_feedback_message
                0x00000000080058d0       0x88 ./Src/grbl/report.o
                0x00000000080058d0                report_feedback_message
 .text.report_init_message
                0x0000000008005958        0xc ./Src/grbl/report.o
                0x0000000008005958                report_init_message
 .text.report_grbl_help
                0x0000000008005964        0xc ./Src/grbl/report.o
                0x0000000008005964                report_grbl_help
 .text.report_grbl_settings
                0x0000000008005970      0x184 ./Src/grbl/report.o
                0x0000000008005970                report_grbl_settings
 .text.report_probe_parameters
                0x0000000008005af4       0x3c ./Src/grbl/report.o
                0x0000000008005af4                report_probe_parameters
 .text.report_ngc_parameters
                0x0000000008005b30       0xb4 ./Src/grbl/report.o
                0x0000000008005b30                report_ngc_parameters
 .text.report_gcode_modes
                0x0000000008005be4      0x138 ./Src/grbl/report.o
                0x0000000008005be4                report_gcode_modes
 .text.report_startup_line
                0x0000000008005d1c       0x2c ./Src/grbl/report.o
                0x0000000008005d1c                report_startup_line
 .text.report_execute_startup_message
                0x0000000008005d48       0x22 ./Src/grbl/report.o
                0x0000000008005d48                report_execute_startup_message
 *fill*         0x0000000008005d6a        0x2 
 .text.report_build_info
                0x0000000008005d6c       0x54 ./Src/grbl/report.o
                0x0000000008005d6c                report_build_info
 .text.report_realtime_status
                0x0000000008005dc0      0x2ec ./Src/grbl/report.o
                0x0000000008005dc0                report_realtime_status
 .text.serial_get_rx_buffer_available
                0x00000000080060ac       0x24 ./Src/grbl/serial.o
                0x00000000080060ac                serial_get_rx_buffer_available
 .text.serial_init
                0x00000000080060d0        0x2 ./Src/grbl/serial.o
                0x00000000080060d0                serial_init
 .text.serial_write
                0x00000000080060d2        0x4 ./Src/grbl/serial.o
                0x00000000080060d2                serial_write
 *fill*         0x00000000080060d6        0x2 
 .text.serial_read
                0x00000000080060d8       0x30 ./Src/grbl/serial.o
                0x00000000080060d8                serial_read
 .text.HandleUartIT
                0x0000000008006108       0xe0 ./Src/grbl/serial.o
                0x0000000008006108                HandleUartIT
 .text.serial_reset_read_buffer
                0x00000000080061e8       0x14 ./Src/grbl/serial.o
                0x00000000080061e8                serial_reset_read_buffer
 .text.settings_store_startup_line
                0x00000000080061fc       0x1e ./Src/grbl/settings.o
                0x00000000080061fc                settings_store_startup_line
 .text.settings_store_build_info
                0x000000000800621a        0xc ./Src/grbl/settings.o
                0x000000000800621a                settings_store_build_info
 .text.settings_write_coord_data
                0x0000000008006226       0x1e ./Src/grbl/settings.o
                0x0000000008006226                settings_write_coord_data
 .text.write_global_settings
                0x0000000008006244       0x1c ./Src/grbl/settings.o
                0x0000000008006244                write_global_settings
 .text.settings_restore
                0x0000000008006260      0x104 ./Src/grbl/settings.o
                0x0000000008006260                settings_restore
 .text.settings_read_startup_line
                0x0000000008006364       0x2c ./Src/grbl/settings.o
                0x0000000008006364                settings_read_startup_line
 .text.settings_read_build_info
                0x0000000008006390       0x22 ./Src/grbl/settings.o
                0x0000000008006390                settings_read_build_info
 .text.settings_read_coord_data
                0x00000000080063b2       0x32 ./Src/grbl/settings.o
                0x00000000080063b2                settings_read_coord_data
 .text.read_global_settings
                0x00000000080063e4       0x28 ./Src/grbl/settings.o
                0x00000000080063e4                read_global_settings
 .text.settings_store_global_setting
                0x000000000800640c      0x22c ./Src/grbl/settings.o
                0x000000000800640c                settings_store_global_setting
 .text.acceleration_scaling
                0x0000000008006638       0x7c ./Src/grbl/settings.o
                0x0000000008006638                acceleration_scaling
 .text.settings_init
                0x00000000080066b4       0x3c ./Src/grbl/settings.o
                0x00000000080066b4                settings_init
 .text.spindle_init
                0x00000000080066f0       0x4c ./Src/grbl/spindle_control.o
                0x00000000080066f0                spindle_init
 .text.spindle_get_state
                0x000000000800673c        0xc ./Src/grbl/spindle_control.o
                0x000000000800673c                spindle_get_state
 .text.spindle_stop
                0x0000000008006748        0x4 ./Src/grbl/spindle_control.o
                0x0000000008006748                spindle_stop
 .text.spindle_set_speed
                0x000000000800674c       0x14 ./Src/grbl/spindle_control.o
                0x000000000800674c                spindle_set_speed
 .text.spindle_compute_pwm_value
                0x0000000008006760       0xb4 ./Src/grbl/spindle_control.o
                0x0000000008006760                spindle_compute_pwm_value
 .text.spindle_set_state
                0x0000000008006814       0x58 ./Src/grbl/spindle_control.o
                0x0000000008006814                spindle_set_state
 .text.spindle_sync
                0x000000000800686c       0x24 ./Src/grbl/spindle_control.o
                0x000000000800686c                spindle_sync
 .text.st_wake_up
                0x0000000008006890       0x88 ./Src/grbl/stepper.o
                0x0000000008006890                st_wake_up
 .text.st_go_idle
                0x0000000008006918       0x84 ./Src/grbl/stepper.o
                0x0000000008006918                st_go_idle
 .text.HandleStepSetIT
                0x000000000800699c      0x1dc ./Src/grbl/stepper.o
                0x000000000800699c                HandleStepSetIT
 .text.HandleStepResetIT
                0x0000000008006b78       0x20 ./Src/grbl/stepper.o
                0x0000000008006b78                HandleStepResetIT
 .text.st_generate_step_dir_invert_masks
                0x0000000008006b98       0x78 ./Src/grbl/stepper.o
                0x0000000008006b98                st_generate_step_dir_invert_masks
 .text.st_reset
                0x0000000008006c10       0x8c ./Src/grbl/stepper.o
                0x0000000008006c10                st_reset
 .text.stepper_init
                0x0000000008006c9c       0x54 ./Src/grbl/stepper.o
                0x0000000008006c9c                stepper_init
 .text.st_update_plan_block_parameters
                0x0000000008006cf0       0x2c ./Src/grbl/stepper.o
                0x0000000008006cf0                st_update_plan_block_parameters
 *fill*         0x0000000008006d1c        0x4 
 .text.st_prep_buffer
                0x0000000008006d20      0x74c ./Src/grbl/stepper.o
                0x0000000008006d20                st_prep_buffer
 .text.st_get_realtime_rate
                0x000000000800746c       0x1c ./Src/grbl/stepper.o
                0x000000000800746c                st_get_realtime_rate
 .text.system_init
                0x0000000008007488        0x2 ./Src/grbl/system.o
                0x0000000008007488                system_init
 *fill*         0x000000000800748a        0x2 
 .text.system_control_get_state
                0x000000000800748c       0x30 ./Src/grbl/system.o
                0x000000000800748c                system_control_get_state
 .text.HandleControlIT
                0x00000000080074bc       0x58 ./Src/grbl/system.o
                0x00000000080074bc                HandleControlIT
 .text.system_check_safety_door_ajar
                0x0000000008007514        0xc ./Src/grbl/system.o
                0x0000000008007514                system_check_safety_door_ajar
 .text.system_execute_startup
                0x0000000008007520       0x32 ./Src/grbl/system.o
                0x0000000008007520                system_execute_startup
 *fill*         0x0000000008007552        0x2 
 .text.system_flag_wco_change
                0x0000000008007554       0x14 ./Src/grbl/system.o
                0x0000000008007554                system_flag_wco_change
 .text.system_convert_axis_steps_to_mpos
                0x0000000008007568       0x1c ./Src/grbl/system.o
                0x0000000008007568                system_convert_axis_steps_to_mpos
 .text.system_convert_array_steps_to_mpos
                0x0000000008007584       0x1c ./Src/grbl/system.o
                0x0000000008007584                system_convert_array_steps_to_mpos
 .text.system_check_travel_limits
                0x00000000080075a0       0x3c ./Src/grbl/system.o
                0x00000000080075a0                system_check_travel_limits
 .text.system_set_exec_state_flag
                0x00000000080075dc       0x14 ./Src/grbl/system.o
                0x00000000080075dc                system_set_exec_state_flag
 .text.system_execute_line
                0x00000000080075f0      0x2fc ./Src/grbl/system.o
                0x00000000080075f0                system_execute_line
 .text.system_clear_exec_state_flag
                0x00000000080078ec       0x14 ./Src/grbl/system.o
                0x00000000080078ec                system_clear_exec_state_flag
 .text.system_set_exec_alarm
                0x0000000008007900       0x14 ./Src/grbl/system.o
                0x0000000008007900                system_set_exec_alarm
 .text.system_clear_exec_alarm
                0x0000000008007914       0x10 ./Src/grbl/system.o
                0x0000000008007914                system_clear_exec_alarm
 .text.system_set_exec_motion_override_flag
                0x0000000008007924       0x14 ./Src/grbl/system.o
                0x0000000008007924                system_set_exec_motion_override_flag
 .text.system_set_exec_accessory_override_flag
                0x0000000008007938       0x14 ./Src/grbl/system.o
                0x0000000008007938                system_set_exec_accessory_override_flag
 .text.system_clear_exec_motion_overrides
                0x000000000800794c       0x10 ./Src/grbl/system.o
                0x000000000800794c                system_clear_exec_motion_overrides
 .text.system_clear_exec_accessory_overrides
                0x000000000800795c       0x10 ./Src/grbl/system.o
                0x000000000800795c                system_clear_exec_accessory_overrides
 .text.outputs_digital_reset
                0x000000000800796c       0x30 ./Src/stm32/inoutputs.o
                0x000000000800796c                outputs_digital_reset
 .text.inoutputs_init
                0x000000000800799c        0x4 ./Src/stm32/inoutputs.o
                0x000000000800799c                inoutputs_init
 .text.outputs_digital_set
                0x00000000080079a0       0x30 ./Src/stm32/inoutputs.o
                0x00000000080079a0                outputs_digital_set
 .text.outputs_set_digital
                0x00000000080079d0       0x24 ./Src/stm32/inoutputs.o
                0x00000000080079d0                outputs_set_digital
 .text.outputs_digital_action
                0x00000000080079f4       0x44 ./Src/stm32/inoutputs.o
                0x00000000080079f4                outputs_digital_action
 .text.outputs_analog_init
                0x0000000008007a38        0x2 ./Src/stm32/inoutputs.o
                0x0000000008007a38                outputs_analog_init
 .text.outputs_analog_action
                0x0000000008007a3a        0x2 ./Src/stm32/inoutputs.o
                0x0000000008007a3a                outputs_analog_action
 .text.wait_on_input_action
                0x0000000008007a3c        0x2 ./Src/stm32/inoutputs.o
                0x0000000008007a3c                wait_on_input_action
 *fill*         0x0000000008007a3e        0x2 
 .text.timing_init
                0x0000000008007a40       0x34 ./Src/stm32/stm32utilities.o
                0x0000000008007a40                timing_init
 .text.uart_sendch
                0x0000000008007a74       0x10 ./Src/stm32/stm32utilities.o
                0x0000000008007a74                uart_sendch
 .text.uart_sendstr
                0x0000000008007a84       0x12 ./Src/stm32/stm32utilities.o
                0x0000000008007a84                uart_sendstr
 *fill*         0x0000000008007a96        0x2 
 .text.uart_init
                0x0000000008007a98       0x40 ./Src/stm32/stm32utilities.o
                0x0000000008007a98                uart_init
 .text.GPIO_ResetBits
                0x0000000008007ad8        0x6 ./Src/stm32/stm32utilities.o
                0x0000000008007ad8                GPIO_ResetBits
 .text.GPIO_SetBits
                0x0000000008007ade        0x6 ./Src/stm32/stm32utilities.o
                0x0000000008007ade                GPIO_SetBits
 .text.Spindle_Disable
                0x0000000008007ae4       0x34 ./Src/stm32/stm32utilities.o
                0x0000000008007ae4                Spindle_Disable
 .text.Spindle_Enable
                0x0000000008007b18       0x34 ./Src/stm32/stm32utilities.o
                0x0000000008007b18                Spindle_Enable
 .text.Reset_Handler
                0x0000000008007b4c       0x48 ./startup/startup_stm32f103xb.o
                0x0000000008007b4c                Reset_Handler
 .text.Default_Handler
                0x0000000008007b94        0x2 ./startup/startup_stm32f103xb.o
                0x0000000008007b94                RTC_Alarm_IRQHandler
                0x0000000008007b94                EXTI2_IRQHandler
                0x0000000008007b94                TIM1_CC_IRQHandler
                0x0000000008007b94                PVD_IRQHandler
                0x0000000008007b94                I2C2_EV_IRQHandler
                0x0000000008007b94                ADC1_2_IRQHandler
                0x0000000008007b94                SPI1_IRQHandler
                0x0000000008007b94                TAMPER_IRQHandler
                0x0000000008007b94                DMA1_Channel4_IRQHandler
                0x0000000008007b94                USART3_IRQHandler
                0x0000000008007b94                RTC_IRQHandler
                0x0000000008007b94                DMA1_Channel7_IRQHandler
                0x0000000008007b94                CAN1_RX1_IRQHandler
                0x0000000008007b94                TIM4_IRQHandler
                0x0000000008007b94                I2C1_EV_IRQHandler
                0x0000000008007b94                DMA1_Channel6_IRQHandler
                0x0000000008007b94                RCC_IRQHandler
                0x0000000008007b94                TIM1_TRG_COM_IRQHandler
                0x0000000008007b94                DMA1_Channel1_IRQHandler
                0x0000000008007b94                Default_Handler
                0x0000000008007b94                EXTI9_5_IRQHandler
                0x0000000008007b94                SPI2_IRQHandler
                0x0000000008007b94                DMA1_Channel5_IRQHandler
                0x0000000008007b94                USB_LP_CAN1_RX0_IRQHandler
                0x0000000008007b94                USB_HP_CAN1_TX_IRQHandler
                0x0000000008007b94                DMA1_Channel3_IRQHandler
                0x0000000008007b94                TIM1_UP_IRQHandler
                0x0000000008007b94                WWDG_IRQHandler
                0x0000000008007b94                TIM1_BRK_IRQHandler
                0x0000000008007b94                USART2_IRQHandler
                0x0000000008007b94                I2C2_ER_IRQHandler
                0x0000000008007b94                DMA1_Channel2_IRQHandler
                0x0000000008007b94                CAN1_SCE_IRQHandler
                0x0000000008007b94                FLASH_IRQHandler
                0x0000000008007b94                I2C1_ER_IRQHandler
                0x0000000008007b94                USBWakeUp_IRQHandler
 *fill*         0x0000000008007b96        0x2 
 .text.__errno  0x0000000008007b98        0xc c:/st/stm32cubeide_1.12.0/stm32cubeide/plugins/com.st.stm32cube.ide.mcu.externaltools.gnu-tools-for-stm32.10.3-2021.10.win32_1.0.200.202301161003/tools/bin/../lib/gcc/arm-none-eabi/10.3.1/../../../../arm-none-eabi/lib/thumb/v7-m/nofp\libc_nano.a(lib_a-errno.o)
                0x0000000008007b98                __errno
 .text.__libc_init_array
                0x0000000008007ba4       0x48 c:/st/stm32cubeide_1.12.0/stm32cubeide/plugins/com.st.stm32cube.ide.mcu.externaltools.gnu-tools-for-stm32.10.3-2021.10.win32_1.0.200.202301161003/tools/bin/../lib/gcc/arm-none-eabi/10.3.1/../../../../arm-none-eabi/lib/thumb/v7-m/nofp\libc_nano.a(lib_a-init.o)
                0x0000000008007ba4                __libc_init_array
 .text.memcmp   0x0000000008007bec       0x20 c:/st/stm32cubeide_1.12.0/stm32cubeide/plugins/com.st.stm32cube.ide.mcu.externaltools.gnu-tools-for-stm32.10.3-2021.10.win32_1.0.200.202301161003/tools/bin/../lib/gcc/arm-none-eabi/10.3.1/../../../../arm-none-eabi/lib/thumb/v7-m/nofp\libc_nano.a(lib_a-memcmp.o)
                0x0000000008007bec                memcmp
 .text.memset   0x0000000008007c0c       0x10 c:/st/stm32cubeide_1.12.0/stm32cubeide/plugins/com.st.stm32cube.ide.mcu.externaltools.gnu-tools-for-stm32.10.3-2021.10.win32_1.0.200.202301161003/tools/bin/../lib/gcc/arm-none-eabi/10.3.1/../../../../arm-none-eabi/lib/thumb/v7-m/nofp\libc_nano.a(lib_a-memset.o)
                0x0000000008007c0c                memset
 .text.sprintf  0x0000000008007c1c       0x40 c:/st/stm32cubeide_1.12.0/stm32cubeide/plugins/com.st.stm32cube.ide.mcu.externaltools.gnu-tools-for-stm32.10.3-2021.10.win32_1.0.200.202301161003/tools/bin/../lib/gcc/arm-none-eabi/10.3.1/../../../../arm-none-eabi/lib/thumb/v7-m/nofp\libc_nano.a(lib_a-sprintf.o)
                0x0000000008007c1c                siprintf
                0x0000000008007c1c                sprintf
 .text.__ssputs_r
                0x0000000008007c5c       0xb6 c:/st/stm32cubeide_1.12.0/stm32cubeide/plugins/com.st.stm32cube.ide.mcu.externaltools.gnu-tools-for-stm32.10.3-2021.10.win32_1.0.200.202301161003/tools/bin/../lib/gcc/arm-none-eabi/10.3.1/../../../../arm-none-eabi/lib/thumb/v7-m/nofp\libc_nano.a(lib_a-nano-svfprintf.o)
                0x0000000008007c5c                __ssputs_r
 *fill*         0x0000000008007d12        0x2 
 .text._svfprintf_r
                0x0000000008007d14      0x200 c:/st/stm32cubeide_1.12.0/stm32cubeide/plugins/com.st.stm32cube.ide.mcu.externaltools.gnu-tools-for-stm32.10.3-2021.10.win32_1.0.200.202301161003/tools/bin/../lib/gcc/arm-none-eabi/10.3.1/../../../../arm-none-eabi/lib/thumb/v7-m/nofp\libc_nano.a(lib_a-nano-svfprintf.o)
                0x0000000008007d14                _svfiprintf_r
                0x0000000008007d14                _svfprintf_r
 .text._printf_common
                0x0000000008007f14       0xde c:/st/stm32cubeide_1.12.0/stm32cubeide/plugins/com.st.stm32cube.ide.mcu.externaltools.gnu-tools-for-stm32.10.3-2021.10.win32_1.0.200.202301161003/tools/bin/../lib/gcc/arm-none-eabi/10.3.1/../../../../arm-none-eabi/lib/thumb/v7-m/nofp\libc_nano.a(lib_a-nano-vfprintf_i.o)
                0x0000000008007f14                _printf_common
 *fill*         0x0000000008007ff2        0x2 
 .text._printf_i
                0x0000000008007ff4      0x24c c:/st/stm32cubeide_1.12.0/stm32cubeide/plugins/com.st.stm32cube.ide.mcu.externaltools.gnu-tools-for-stm32.10.3-2021.10.win32_1.0.200.202301161003/tools/bin/../lib/gcc/arm-none-eabi/10.3.1/../../../../arm-none-eabi/lib/thumb/v7-m/nofp\libc_nano.a(lib_a-nano-vfprintf_i.o)
                0x0000000008007ff4                _printf_i
 .text.memchr   0x0000000008008240       0x1c c:/st/stm32cubeide_1.12.0/stm32cubeide/plugins/com.st.stm32cube.ide.mcu.externaltools.gnu-tools-for-stm32.10.3-2021.10.win32_1.0.200.202301161003/tools/bin/../lib/gcc/arm-none-eabi/10.3.1/../../../../arm-none-eabi/lib/thumb/v7-m/nofp\libc_nano.a(lib_a-memchr-stub.o)
                0x0000000008008240                memchr
 .text.memcpy   0x000000000800825c       0x1c c:/st/stm32cubeide_1.12.0/stm32cubeide/plugins/com.st.stm32cube.ide.mcu.externaltools.gnu-tools-for-stm32.10.3-2021.10.win32_1.0.200.202301161003/tools/bin/../lib/gcc/arm-none-eabi/10.3.1/../../../../arm-none-eabi/lib/thumb/v7-m/nofp\libc_nano.a(lib_a-memcpy-stub.o)
                0x000000000800825c                memcpy
 .text.memmove  0x0000000008008278       0x34 c:/st/stm32cubeide_1.12.0/stm32cubeide/plugins/com.st.stm32cube.ide.mcu.externaltools.gnu-tools-for-stm32.10.3-2021.10.win32_1.0.200.202301161003/tools/bin/../lib/gcc/arm-none-eabi/10.3.1/../../../../arm-none-eabi/lib/thumb/v7-m/nofp\libc_nano.a(lib_a-memmove.o)
                0x0000000008008278                memmove
 .text._free_r  0x00000000080082ac       0x90 c:/st/stm32cubeide_1.12.0/stm32cubeide/plugins/com.st.stm32cube.ide.mcu.externaltools.gnu-tools-for-stm32.10.3-2021.10.win32_1.0.200.202301161003/tools/bin/../lib/gcc/arm-none-eabi/10.3.1/../../../../arm-none-eabi/lib/thumb/v7-m/nofp\libc_nano.a(lib_a-nano-freer.o)
                0x00000000080082ac                _free_r
 .text.sbrk_aligned
                0x000000000800833c       0x40 c:/st/stm32cubeide_1.12.0/stm32cubeide/plugins/com.st.stm32cube.ide.mcu.externaltools.gnu-tools-for-stm32.10.3-2021.10.win32_1.0.200.202301161003/tools/bin/../lib/gcc/arm-none-eabi/10.3.1/../../../../arm-none-eabi/lib/thumb/v7-m/nofp\libc_nano.a(lib_a-nano-mallocr.o)
 .text._malloc_r
                0x000000000800837c       0xe8 c:/st/stm32cubeide_1.12.0/stm32cubeide/plugins/com.st.stm32cube.ide.mcu.externaltools.gnu-tools-for-stm32.10.3-2021.10.win32_1.0.200.202301161003/tools/bin/../lib/gcc/arm-none-eabi/10.3.1/../../../../arm-none-eabi/lib/thumb/v7-m/nofp\libc_nano.a(lib_a-nano-mallocr.o)
                0x000000000800837c                _malloc_r
 .text._realloc_r
                0x0000000008008464       0x5e c:/st/stm32cubeide_1.12.0/stm32cubeide/plugins/com.st.stm32cube.ide.mcu.externaltools.gnu-tools-for-stm32.10.3-2021.10.win32_1.0.200.202301161003/tools/bin/../lib/gcc/arm-none-eabi/10.3.1/../../../../arm-none-eabi/lib/thumb/v7-m/nofp\libc_nano.a(lib_a-nano-reallocr.o)
                0x0000000008008464                _realloc_r
 *fill*         0x00000000080084c2        0x2 
 .text._sbrk_r  0x00000000080084c4       0x20 c:/st/stm32cubeide_1.12.0/stm32cubeide/plugins/com.st.stm32cube.ide.mcu.externaltools.gnu-tools-for-stm32.10.3-2021.10.win32_1.0.200.202301161003/tools/bin/../lib/gcc/arm-none-eabi/10.3.1/../../../../arm-none-eabi/lib/thumb/v7-m/nofp\libc_nano.a(lib_a-sbrkr.o)
                0x00000000080084c4                _sbrk_r
 .text.__malloc_lock
                0x00000000080084e4        0xc c:/st/stm32cubeide_1.12.0/stm32cubeide/plugins/com.st.stm32cube.ide.mcu.externaltools.gnu-tools-for-stm32.10.3-2021.10.win32_1.0.200.202301161003/tools/bin/../lib/gcc/arm-none-eabi/10.3.1/../../../../arm-none-eabi/lib/thumb/v7-m/nofp\libc_nano.a(lib_a-mlock.o)
                0x00000000080084e4                __malloc_lock
 .text.__malloc_unlock
                0x00000000080084f0        0xc c:/st/stm32cubeide_1.12.0/stm32cubeide/plugins/com.st.stm32cube.ide.mcu.externaltools.gnu-tools-for-stm32.10.3-2021.10.win32_1.0.200.202301161003/tools/bin/../lib/gcc/arm-none-eabi/10.3.1/../../../../arm-none-eabi/lib/thumb/v7-m/nofp\libc_nano.a(lib_a-mlock.o)
                0x00000000080084f0                __malloc_unlock
 .text._malloc_usable_size_r
                0x00000000080084fc       0x10 c:/st/stm32cubeide_1.12.0/stm32cubeide/plugins/com.st.stm32cube.ide.mcu.externaltools.gnu-tools-for-stm32.10.3-2021.10.win32_1.0.200.202301161003/tools/bin/../lib/gcc/arm-none-eabi/10.3.1/../../../../arm-none-eabi/lib/thumb/v7-m/nofp\libc_nano.a(lib_a-nano-msizer.o)
                0x00000000080084fc                _malloc_usable_size_r
 .text.__retarget_lock_acquire_recursive
                0x000000000800850c        0x2 c:/st/stm32cubeide_1.12.0/stm32cubeide/plugins/com.st.stm32cube.ide.mcu.externaltools.gnu-tools-for-stm32.10.3-2021.10.win32_1.0.200.202301161003/tools/bin/../lib/gcc/arm-none-eabi/10.3.1/../../../../arm-none-eabi/lib/thumb/v7-m/nofp\libc_nano.a(lib_a-lock.o)
                0x000000000800850c                __retarget_lock_acquire_recursive
 .text.__retarget_lock_release_recursive
                0x000000000800850e        0x2 c:/st/stm32cubeide_1.12.0/stm32cubeide/plugins/com.st.stm32cube.ide.mcu.externaltools.gnu-tools-for-stm32.10.3-2021.10.win32_1.0.200.202301161003/tools/bin/../lib/gcc/arm-none-eabi/10.3.1/../../../../arm-none-eabi/lib/thumb/v7-m/nofp\libc_nano.a(lib_a-lock.o)
                0x000000000800850e                __retarget_lock_release_recursive
 .text.ceil     0x0000000008008510      0x100 c:/st/stm32cubeide_1.12.0/stm32cubeide/plugins/com.st.stm32cube.ide.mcu.externaltools.gnu-tools-for-stm32.10.3-2021.10.win32_1.0.200.202301161003/tools/bin/../lib/gcc/arm-none-eabi/10.3.1/../../../../arm-none-eabi/lib/thumb/v7-m/nofp\libm.a(lib_a-s_ceil.o)
                0x0000000008008510                ceil
 .text.floor    0x0000000008008610      0x100 c:/st/stm32cubeide_1.12.0/stm32cubeide/plugins/com.st.stm32cube.ide.mcu.externaltools.gnu-tools-for-stm32.10.3-2021.10.win32_1.0.200.202301161003/tools/bin/../lib/gcc/arm-none-eabi/10.3.1/../../../../arm-none-eabi/lib/thumb/v7-m/nofp\libm.a(lib_a-s_floor.o)
                0x0000000008008610                floor
 .text.lround   0x0000000008008710       0x8a c:/st/stm32cubeide_1.12.0/stm32cubeide/plugins/com.st.stm32cube.ide.mcu.externaltools.gnu-tools-for-stm32.10.3-2021.10.win32_1.0.200.202301161003/tools/bin/../lib/gcc/arm-none-eabi/10.3.1/../../../../arm-none-eabi/lib/thumb/v7-m/nofp\libm.a(lib_a-s_lround.o)
                0x0000000008008710                lround
 *fill*         0x000000000800879a        0x2 
 .text.round    0x000000000800879c       0x90 c:/st/stm32cubeide_1.12.0/stm32cubeide/plugins/com.st.stm32cube.ide.mcu.externaltools.gnu-tools-for-stm32.10.3-2021.10.win32_1.0.200.202301161003/tools/bin/../lib/gcc/arm-none-eabi/10.3.1/../../../../arm-none-eabi/lib/thumb/v7-m/nofp\libm.a(lib_a-s_round.o)
                0x000000000800879c                round
 .text.trunc    0x000000000800882c       0x60 c:/st/stm32cubeide_1.12.0/stm32cubeide/plugins/com.st.stm32cube.ide.mcu.externaltools.gnu-tools-for-stm32.10.3-2021.10.win32_1.0.200.202301161003/tools/bin/../lib/gcc/arm-none-eabi/10.3.1/../../../../arm-none-eabi/lib/thumb/v7-m/nofp\libm.a(lib_a-s_trunc.o)
                0x000000000800882c                trunc
 .text.ceilf    0x000000000800888c       0x80 c:/st/stm32cubeide_1.12.0/stm32cubeide/plugins/com.st.stm32cube.ide.mcu.externaltools.gnu-tools-for-stm32.10.3-2021.10.win32_1.0.200.202301161003/tools/bin/../lib/gcc/arm-none-eabi/10.3.1/../../../../arm-none-eabi/lib/thumb/v7-m/nofp\libm.a(lib_a-sf_ceil.o)
                0x000000000800888c                ceilf
 .text.cosf     0x000000000800890c       0x70 c:/st/stm32cubeide_1.12.0/stm32cubeide/plugins/com.st.stm32cube.ide.mcu.externaltools.gnu-tools-for-stm32.10.3-2021.10.win32_1.0.200.202301161003/tools/bin/../lib/gcc/arm-none-eabi/10.3.1/../../../../arm-none-eabi/lib/thumb/v7-m/nofp\libm.a(lib_a-sf_cos.o)
                0x000000000800890c                cosf
 .text.sinf     0x000000000800897c       0x74 c:/st/stm32cubeide_1.12.0/stm32cubeide/plugins/com.st.stm32cube.ide.mcu.externaltools.gnu-tools-for-stm32.10.3-2021.10.win32_1.0.200.202301161003/tools/bin/../lib/gcc/arm-none-eabi/10.3.1/../../../../arm-none-eabi/lib/thumb/v7-m/nofp\libm.a(lib_a-sf_sin.o)
                0x000000000800897c                sinf
 .text.sqrt     0x00000000080089f0       0x48 c:/st/stm32cubeide_1.12.0/stm32cubeide/plugins/com.st.stm32cube.ide.mcu.externaltools.gnu-tools-for-stm32.10.3-2021.10.win32_1.0.200.202301161003/tools/bin/../lib/gcc/arm-none-eabi/10.3.1/../../../../arm-none-eabi/lib/thumb/v7-m/nofp\libm.a(lib_a-w_sqrt.o)
                0x00000000080089f0                sqrt
 .text.atan2f   0x0000000008008a38        0x4 c:/st/stm32cubeide_1.12.0/stm32cubeide/plugins/com.st.stm32cube.ide.mcu.externaltools.gnu-tools-for-stm32.10.3-2021.10.win32_1.0.200.202301161003/tools/bin/../lib/gcc/arm-none-eabi/10.3.1/../../../../arm-none-eabi/lib/thumb/v7-m/nofp\libm.a(lib_a-wf_atan2.o)
                0x0000000008008a38                atan2f
 .text.sqrtf    0x0000000008008a3c       0x34 c:/st/stm32cubeide_1.12.0/stm32cubeide/plugins/com.st.stm32cube.ide.mcu.externaltools.gnu-tools-for-stm32.10.3-2021.10.win32_1.0.200.202301161003/tools/bin/../lib/gcc/arm-none-eabi/10.3.1/../../../../arm-none-eabi/lib/thumb/v7-m/nofp\libm.a(lib_a-wf_sqrt.o)
                0x0000000008008a3c                sqrtf
 .text.__ieee754_sqrt
                0x0000000008008a70      0x160 c:/st/stm32cubeide_1.12.0/stm32cubeide/plugins/com.st.stm32cube.ide.mcu.externaltools.gnu-tools-for-stm32.10.3-2021.10.win32_1.0.200.202301161003/tools/bin/../lib/gcc/arm-none-eabi/10.3.1/../../../../arm-none-eabi/lib/thumb/v7-m/nofp\libm.a(lib_a-e_sqrt.o)
                0x0000000008008a70                __ieee754_sqrt
 .text.__ieee754_atan2f
                0x0000000008008bd0      0x10c c:/st/stm32cubeide_1.12.0/stm32cubeide/plugins/com.st.stm32cube.ide.mcu.externaltools.gnu-tools-for-stm32.10.3-2021.10.win32_1.0.200.202301161003/tools/bin/../lib/gcc/arm-none-eabi/10.3.1/../../../../arm-none-eabi/lib/thumb/v7-m/nofp\libm.a(lib_a-ef_atan2.o)
                0x0000000008008bd0                __ieee754_atan2f
 .text.__ieee754_rem_pio2f
                0x0000000008008cdc      0x2bc c:/st/stm32cubeide_1.12.0/stm32cubeide/plugins/com.st.stm32cube.ide.mcu.externaltools.gnu-tools-for-stm32.10.3-2021.10.win32_1.0.200.202301161003/tools/bin/../lib/gcc/arm-none-eabi/10.3.1/../../../../arm-none-eabi/lib/thumb/v7-m/nofp\libm.a(lib_a-ef_rem_pio2.o)
                0x0000000008008cdc                __ieee754_rem_pio2f
 .text.__ieee754_sqrtf
                0x0000000008008f98       0xa2 c:/st/stm32cubeide_1.12.0/stm32cubeide/plugins/com.st.stm32cube.ide.mcu.externaltools.gnu-tools-for-stm32.10.3-2021.10.win32_1.0.200.202301161003/tools/bin/../lib/gcc/arm-none-eabi/10.3.1/../../../../arm-none-eabi/lib/thumb/v7-m/nofp\libm.a(lib_a-ef_sqrt.o)
                0x0000000008008f98                __ieee754_sqrtf
 *fill*         0x000000000800903a        0x2 
 .text.__kernel_cosf
                0x000000000800903c      0x100 c:/st/stm32cubeide_1.12.0/stm32cubeide/plugins/com.st.stm32cube.ide.mcu.externaltools.gnu-tools-for-stm32.10.3-2021.10.win32_1.0.200.202301161003/tools/bin/../lib/gcc/arm-none-eabi/10.3.1/../../../../arm-none-eabi/lib/thumb/v7-m/nofp\libm.a(lib_a-kf_cos.o)
                0x000000000800903c                __kernel_cosf
 .text.__kernel_rem_pio2f
                0x000000000800913c      0x564 c:/st/stm32cubeide_1.12.0/stm32cubeide/plugins/com.st.stm32cube.ide.mcu.externaltools.gnu-tools-for-stm32.10.3-2021.10.win32_1.0.200.202301161003/tools/bin/../lib/gcc/arm-none-eabi/10.3.1/../../../../arm-none-eabi/lib/thumb/v7-m/nofp\libm.a(lib_a-kf_rem_pio2.o)
                0x000000000800913c                __kernel_rem_pio2f
 .text.__kernel_sinf
                0x00000000080096a0       0xec c:/st/stm32cubeide_1.12.0/stm32cubeide/plugins/com.st.stm32cube.ide.mcu.externaltools.gnu-tools-for-stm32.10.3-2021.10.win32_1.0.200.202301161003/tools/bin/../lib/gcc/arm-none-eabi/10.3.1/../../../../arm-none-eabi/lib/thumb/v7-m/nofp\libm.a(lib_a-kf_sin.o)
                0x00000000080096a0                __kernel_sinf
 .text.atanf    0x000000000800978c      0x218 c:/st/stm32cubeide_1.12.0/stm32cubeide/plugins/com.st.stm32cube.ide.mcu.externaltools.gnu-tools-for-stm32.10.3-2021.10.win32_1.0.200.202301161003/tools/bin/../lib/gcc/arm-none-eabi/10.3.1/../../../../arm-none-eabi/lib/thumb/v7-m/nofp\libm.a(lib_a-sf_atan.o)
                0x000000000800978c                atanf
 .text.fabsf    0x00000000080099a4        0x6 c:/st/stm32cubeide_1.12.0/stm32cubeide/plugins/com.st.stm32cube.ide.mcu.externaltools.gnu-tools-for-stm32.10.3-2021.10.win32_1.0.200.202301161003/tools/bin/../lib/gcc/arm-none-eabi/10.3.1/../../../../arm-none-eabi/lib/thumb/v7-m/nofp\libm.a(lib_a-sf_fabs.o)
                0x00000000080099a4                fabsf
 *fill*         0x00000000080099aa        0x2 
 .text.floorf   0x00000000080099ac       0x84 c:/st/stm32cubeide_1.12.0/stm32cubeide/plugins/com.st.stm32cube.ide.mcu.externaltools.gnu-tools-for-stm32.10.3-2021.10.win32_1.0.200.202301161003/tools/bin/../lib/gcc/arm-none-eabi/10.3.1/../../../../arm-none-eabi/lib/thumb/v7-m/nofp\libm.a(lib_a-sf_floor.o)
                0x00000000080099ac                floorf
 .text.scalbnf  0x0000000008009a30       0x98 c:/st/stm32cubeide_1.12.0/stm32cubeide/plugins/com.st.stm32cube.ide.mcu.externaltools.gnu-tools-for-stm32.10.3-2021.10.win32_1.0.200.202301161003/tools/bin/../lib/gcc/arm-none-eabi/10.3.1/../../../../arm-none-eabi/lib/thumb/v7-m/nofp\libm.a(lib_a-sf_scalbn.o)
                0x0000000008009a30                scalbnf
 *(.glue_7)
 .glue_7        0x0000000008009ac8        0x0 linker stubs
 *(.glue_7t)
 .glue_7t       0x0000000008009ac8        0x0 linker stubs
 *(.eh_frame)
 .eh_frame      0x0000000008009ac8        0x0 c:/st/stm32cubeide_1.12.0/stm32cubeide/plugins/com.st.stm32cube.ide.mcu.externaltools.gnu-tools-for-stm32.10.3-2021.10.win32_1.0.200.202301161003/tools/bin/../lib/gcc/arm-none-eabi/10.3.1/thumb/v7-m/nofp/crtbegin.o
 *(.init)
 .init          0x0000000008009ac8        0x4 c:/st/stm32cubeide_1.12.0/stm32cubeide/plugins/com.st.stm32cube.ide.mcu.externaltools.gnu-tools-for-stm32.10.3-2021.10.win32_1.0.200.202301161003/tools/bin/../lib/gcc/arm-none-eabi/10.3.1/thumb/v7-m/nofp/crti.o
                0x0000000008009ac8                _init
 .init          0x0000000008009acc        0x8 c:/st/stm32cubeide_1.12.0/stm32cubeide/plugins/com.st.stm32cube.ide.mcu.externaltools.gnu-tools-for-stm32.10.3-2021.10.win32_1.0.200.202301161003/tools/bin/../lib/gcc/arm-none-eabi/10.3.1/thumb/v7-m/nofp/crtn.o
 *(.fini)
 .fini          0x0000000008009ad4        0x4 c:/st/stm32cubeide_1.12.0/stm32cubeide/plugins/com.st.stm32cube.ide.mcu.externaltools.gnu-tools-for-stm32.10.3-2021.10.win32_1.0.200.202301161003/tools/bin/../lib/gcc/arm-none-eabi/10.3.1/thumb/v7-m/nofp/crti.o
                0x0000000008009ad4                _fini
 .fini          0x0000000008009ad8        0x8 c:/st/stm32cubeide_1.12.0/stm32cubeide/plugins/com.st.stm32cube.ide.mcu.externaltools.gnu-tools-for-stm32.10.3-2021.10.win32_1.0.200.202301161003/tools/bin/../lib/gcc/arm-none-eabi/10.3.1/thumb/v7-m/nofp/crtn.o
                0x0000000008009ae0                . = ALIGN (0x4)
                0x0000000008009ae0                _etext = .

.vfp11_veneer   0x0000000008009ae0        0x0
 .vfp11_veneer  0x0000000008009ae0        0x0 linker stubs

.v4_bx          0x0000000008009ae0        0x0
 .v4_bx         0x0000000008009ae0        0x0 linker stubs

.iplt           0x0000000008009ae0        0x0
 .iplt          0x0000000008009ae0        0x0 c:/st/stm32cubeide_1.12.0/stm32cubeide/plugins/com.st.stm32cube.ide.mcu.externaltools.gnu-tools-for-stm32.10.3-2021.10.win32_1.0.200.202301161003/tools/bin/../lib/gcc/arm-none-eabi/10.3.1/thumb/v7-m/nofp/crtbegin.o

.rodata         0x0000000008009ae0      0x660
                0x0000000008009ae0                . = ALIGN (0x4)
 *(.rodata)
 *(.rodata*)
 .rodata.HAL_RCC_GetSysClockFreq.str1.1
                0x0000000008009ae0       0x11 ./Drivers/STM32F1xx_HAL_Driver/Src/stm32f1xx_hal_rcc.o
 .rodata.AHBPrescTable
                0x0000000008009af1       0x10 ./Src/system_stm32f1xx.o
                0x0000000008009af1                AHBPrescTable
 .rodata.APBPrescTable
                0x0000000008009b01        0x8 ./Src/system_stm32f1xx.o
                0x0000000008009b01                APBPrescTable
 .rodata.report_util_line_feed.str1.1
                0x0000000008009b09       0x11 ./Src/grbl/report.o
                                          0x3 (size before relaxing)
 .rodata.report_status_message.str1.1
                0x0000000008009b09        0xc ./Src/grbl/report.o
 .rodata.report_alarm_message.str1.1
                0x0000000008009b15        0x7 ./Src/grbl/report.o
 .rodata.report_feedback_message.str1.1
                0x0000000008009b1c       0x9d ./Src/grbl/report.o
 .rodata.report_init_message.str1.1
                0x0000000008009bb9       0x22 ./Src/grbl/report.o
 .rodata.report_grbl_help.str1.1
                0x0000000008009bdb       0x4a ./Src/grbl/report.o
 .rodata.report_probe_parameters.str1.1
                0x0000000008009c25        0x6 ./Src/grbl/report.o
 .rodata.report_ngc_parameters.str1.1
                0x0000000008009c2b       0x15 ./Src/grbl/report.o
 .rodata.report_gcode_modes.str1.1
                0x0000000008009c40       0x19 ./Src/grbl/report.o
 .rodata.report_startup_line.str1.1
                0x0000000008009c59        0x3 ./Src/grbl/report.o
 .rodata.report_build_info.str1.1
                0x0000000008009c5c       0x1f ./Src/grbl/report.o
 .rodata.report_realtime_status.str1.1
                0x0000000008009c7b       0x5c ./Src/grbl/report.o
 *fill*         0x0000000008009cd7        0x1 
 .rodata.outputs_pin_mask
                0x0000000008009cd8        0x8 ./Src/stm32/inoutputs.o
                0x0000000008009cd8                outputs_pin_mask
 .rodata.uart_init.str1.1
                0x0000000008009ce0        0xf ./Src/stm32/stm32utilities.o
 *fill*         0x0000000008009cef        0x1 
 .rodata.direction_pin_mask
                0x0000000008009cf0        0x6 ./Src/stm32/stm32utilities.o
                0x0000000008009cf0                direction_pin_mask
 .rodata.limit_pin_mask
                0x0000000008009cf6        0x6 ./Src/stm32/stm32utilities.o
                0x0000000008009cf6                limit_pin_mask
 .rodata.step_pin_mask
                0x0000000008009cfc        0x6 ./Src/stm32/stm32utilities.o
                0x0000000008009cfc                step_pin_mask
 .rodata._svfprintf_r.str1.1
                0x0000000008009d02       0x11 c:/st/stm32cubeide_1.12.0/stm32cubeide/plugins/com.st.stm32cube.ide.mcu.externaltools.gnu-tools-for-stm32.10.3-2021.10.win32_1.0.200.202301161003/tools/bin/../lib/gcc/arm-none-eabi/10.3.1/../../../../arm-none-eabi/lib/thumb/v7-m/nofp\libc_nano.a(lib_a-nano-svfprintf.o)
 .rodata._printf_i.str1.1
                0x0000000008009d13       0x22 c:/st/stm32cubeide_1.12.0/stm32cubeide/plugins/com.st.stm32cube.ide.mcu.externaltools.gnu-tools-for-stm32.10.3-2021.10.win32_1.0.200.202301161003/tools/bin/../lib/gcc/arm-none-eabi/10.3.1/../../../../arm-none-eabi/lib/thumb/v7-m/nofp\libc_nano.a(lib_a-nano-vfprintf_i.o)
 *fill*         0x0000000008009d35        0x3 
 .rodata.CSWTCH.8
                0x0000000008009d38        0xc c:/st/stm32cubeide_1.12.0/stm32cubeide/plugins/com.st.stm32cube.ide.mcu.externaltools.gnu-tools-for-stm32.10.3-2021.10.win32_1.0.200.202301161003/tools/bin/../lib/gcc/arm-none-eabi/10.3.1/../../../../arm-none-eabi/lib/thumb/v7-m/nofp\libm.a(lib_a-ef_atan2.o)
 .rodata.CSWTCH.9
                0x0000000008009d44        0xc c:/st/stm32cubeide_1.12.0/stm32cubeide/plugins/com.st.stm32cube.ide.mcu.externaltools.gnu-tools-for-stm32.10.3-2021.10.win32_1.0.200.202301161003/tools/bin/../lib/gcc/arm-none-eabi/10.3.1/../../../../arm-none-eabi/lib/thumb/v7-m/nofp\libm.a(lib_a-ef_atan2.o)
 .rodata.npio2_hw
                0x0000000008009d50       0x80 c:/st/stm32cubeide_1.12.0/stm32cubeide/plugins/com.st.stm32cube.ide.mcu.externaltools.gnu-tools-for-stm32.10.3-2021.10.win32_1.0.200.202301161003/tools/bin/../lib/gcc/arm-none-eabi/10.3.1/../../../../arm-none-eabi/lib/thumb/v7-m/nofp\libm.a(lib_a-ef_rem_pio2.o)
 .rodata.two_over_pi
                0x0000000008009dd0      0x318 c:/st/stm32cubeide_1.12.0/stm32cubeide/plugins/com.st.stm32cube.ide.mcu.externaltools.gnu-tools-for-stm32.10.3-2021.10.win32_1.0.200.202301161003/tools/bin/../lib/gcc/arm-none-eabi/10.3.1/../../../../arm-none-eabi/lib/thumb/v7-m/nofp\libm.a(lib_a-ef_rem_pio2.o)
 .rodata.PIo2   0x000000000800a0e8       0x2c c:/st/stm32cubeide_1.12.0/stm32cubeide/plugins/com.st.stm32cube.ide.mcu.externaltools.gnu-tools-for-stm32.10.3-2021.10.win32_1.0.200.202301161003/tools/bin/../lib/gcc/arm-none-eabi/10.3.1/../../../../arm-none-eabi/lib/thumb/v7-m/nofp\libm.a(lib_a-kf_rem_pio2.o)
 .rodata.init_jk
                0x000000000800a114        0xc c:/st/stm32cubeide_1.12.0/stm32cubeide/plugins/com.st.stm32cube.ide.mcu.externaltools.gnu-tools-for-stm32.10.3-2021.10.win32_1.0.200.202301161003/tools/bin/../lib/gcc/arm-none-eabi/10.3.1/../../../../arm-none-eabi/lib/thumb/v7-m/nofp\libm.a(lib_a-kf_rem_pio2.o)
 .rodata.atanhi
                0x000000000800a120       0x10 c:/st/stm32cubeide_1.12.0/stm32cubeide/plugins/com.st.stm32cube.ide.mcu.externaltools.gnu-tools-for-stm32.10.3-2021.10.win32_1.0.200.202301161003/tools/bin/../lib/gcc/arm-none-eabi/10.3.1/../../../../arm-none-eabi/lib/thumb/v7-m/nofp\libm.a(lib_a-sf_atan.o)
 .rodata.atanlo
                0x000000000800a130       0x10 c:/st/stm32cubeide_1.12.0/stm32cubeide/plugins/com.st.stm32cube.ide.mcu.externaltools.gnu-tools-for-stm32.10.3-2021.10.win32_1.0.200.202301161003/tools/bin/../lib/gcc/arm-none-eabi/10.3.1/../../../../arm-none-eabi/lib/thumb/v7-m/nofp\libm.a(lib_a-sf_atan.o)
                0x000000000800a140                . = ALIGN (0x4)

.rel.dyn        0x000000000800a140        0x0
 .rel.iplt      0x000000000800a140        0x0 c:/st/stm32cubeide_1.12.0/stm32cubeide/plugins/com.st.stm32cube.ide.mcu.externaltools.gnu-tools-for-stm32.10.3-2021.10.win32_1.0.200.202301161003/tools/bin/../lib/gcc/arm-none-eabi/10.3.1/thumb/v7-m/nofp/crtbegin.o

.ARM.extab
 *(.ARM.extab* .gnu.linkonce.armextab.*)

.ARM            0x000000000800a140        0x0
                0x000000000800a140                __exidx_start = .
 *(.ARM.exidx*)
                0x000000000800a140                __exidx_end = .

.preinit_array  0x000000000800a140        0x0
                0x000000000800a140                PROVIDE (__preinit_array_start = .)
 *(.preinit_array*)
                0x000000000800a140                PROVIDE (__preinit_array_end = .)

.init_array     0x000000000800a140        0x4
                0x000000000800a140                PROVIDE (__init_array_start = .)
 *(SORT_BY_NAME(.init_array.*))
 *(.init_array*)
 .init_array    0x000000000800a140        0x4 c:/st/stm32cubeide_1.12.0/stm32cubeide/plugins/com.st.stm32cube.ide.mcu.externaltools.gnu-tools-for-stm32.10.3-2021.10.win32_1.0.200.202301161003/tools/bin/../lib/gcc/arm-none-eabi/10.3.1/thumb/v7-m/nofp/crtbegin.o
                0x000000000800a144                PROVIDE (__init_array_end = .)

.fini_array     0x000000000800a144        0x4
                [!provide]                        PROVIDE (__fini_array_start = .)
 *(SORT_BY_NAME(.fini_array.*))
 *(.fini_array*)
 .fini_array    0x000000000800a144        0x4 c:/st/stm32cubeide_1.12.0/stm32cubeide/plugins/com.st.stm32cube.ide.mcu.externaltools.gnu-tools-for-stm32.10.3-2021.10.win32_1.0.200.202301161003/tools/bin/../lib/gcc/arm-none-eabi/10.3.1/thumb/v7-m/nofp/crtbegin.o
                [!provide]                        PROVIDE (__fini_array_end = .)
                0x000000000800a148                _sidata = LOADADDR (.data)

.data           0x0000000020000000       0x70 load address 0x000000000800a148
                0x0000000020000000                . = ALIGN (0x4)
                0x0000000020000000                _sdata = .
 *(.data)
 *(.data*)
 .data.uwTickFreq
                0x0000000020000000        0x1 ./Drivers/STM32F1xx_HAL_Driver/Src/stm32f1xx_hal.o
                0x0000000020000000                uwTickFreq
 *fill*         0x0000000020000001        0x3 
 .data.uwTickPrio
                0x0000000020000004        0x4 ./Drivers/STM32F1xx_HAL_Driver/Src/stm32f1xx_hal.o
                0x0000000020000004                uwTickPrio
 .data.SystemCoreClock
                0x0000000020000008        0x4 ./Src/system_stm32f1xx.o
                0x0000000020000008                SystemCoreClock
 .data._impure_ptr
                0x000000002000000c        0x4 c:/st/stm32cubeide_1.12.0/stm32cubeide/plugins/com.st.stm32cube.ide.mcu.externaltools.gnu-tools-for-stm32.10.3-2021.10.win32_1.0.200.202301161003/tools/bin/../lib/gcc/arm-none-eabi/10.3.1/../../../../arm-none-eabi/lib/thumb/v7-m/nofp\libc_nano.a(lib_a-impure.o)
                0x000000002000000c                _impure_ptr
 .data.impure_data
                0x0000000020000010       0x60 c:/st/stm32cubeide_1.12.0/stm32cubeide/plugins/com.st.stm32cube.ide.mcu.externaltools.gnu-tools-for-stm32.10.3-2021.10.win32_1.0.200.202301161003/tools/bin/../lib/gcc/arm-none-eabi/10.3.1/../../../../arm-none-eabi/lib/thumb/v7-m/nofp\libc_nano.a(lib_a-impure.o)
                0x0000000020000070                . = ALIGN (0x4)
                0x0000000020000070                _edata = .

.igot.plt       0x0000000020000070        0x0 load address 0x000000000800a1b8
 .igot.plt      0x0000000020000070        0x0 c:/st/stm32cubeide_1.12.0/stm32cubeide/plugins/com.st.stm32cube.ide.mcu.externaltools.gnu-tools-for-stm32.10.3-2021.10.win32_1.0.200.202301161003/tools/bin/../lib/gcc/arm-none-eabi/10.3.1/thumb/v7-m/nofp/crtbegin.o
                0x0000000020000070                . = ALIGN (0x4)

.bss            0x0000000020000070     0x344c load address 0x000000000800a1b8
                0x0000000020000070                _sbss = .
                0x0000000020000070                __bss_start__ = _sbss
 *(.bss)
 .bss           0x0000000020000070       0x1c c:/st/stm32cubeide_1.12.0/stm32cubeide/plugins/com.st.stm32cube.ide.mcu.externaltools.gnu-tools-for-stm32.10.3-2021.10.win32_1.0.200.202301161003/tools/bin/../lib/gcc/arm-none-eabi/10.3.1/thumb/v7-m/nofp/crtbegin.o
 *(.bss*)
 .bss.uwTick    0x000000002000008c        0x4 ./Drivers/STM32F1xx_HAL_Driver/Src/stm32f1xx_hal.o
                0x000000002000008c                uwTick
 .bss.pFlash    0x0000000020000090       0x20 ./Drivers/STM32F1xx_HAL_Driver/Src/stm32f1xx_hal_flash.o
                0x0000000020000090                pFlash
 .bss.hi2c1     0x00000000200000b0       0x54 ./Src/i2c.o
                0x00000000200000b0                hi2c1
 .bss.sys       0x0000000020000104       0x14 ./Src/main.o
                0x0000000020000104                sys
 .bss.sys_position
                0x0000000020000118        0xc ./Src/main.o
                0x0000000020000118                sys_position
 .bss.sys_probe_position
                0x0000000020000124        0xc ./Src/main.o
                0x0000000020000124                sys_probe_position
 .bss.sys_probe_state
                0x0000000020000130        0x1 ./Src/main.o
                0x0000000020000130                sys_probe_state
 .bss.sys_rt_exec_accessory_override
                0x0000000020000131        0x1 ./Src/main.o
                0x0000000020000131                sys_rt_exec_accessory_override
 .bss.sys_rt_exec_alarm
                0x0000000020000132        0x1 ./Src/main.o
                0x0000000020000132                sys_rt_exec_alarm
 .bss.sys_rt_exec_motion_override
                0x0000000020000133        0x1 ./Src/main.o
                0x0000000020000133                sys_rt_exec_motion_override
 .bss.sys_rt_exec_state
                0x0000000020000134        0x1 ./Src/main.o
                0x0000000020000134                sys_rt_exec_state
 *fill*         0x0000000020000135        0x3 
 .bss.heap_end.0
                0x0000000020000138        0x4 ./Src/syscalls.o
 .bss.EE_Buffer
                0x000000002000013c      0x400 ./Src/grbl/eeprom.o
                0x000000002000013c                EE_Buffer
 .bss.gc_block  0x000000002000053c       0x4c ./Src/grbl/gcode.o
                0x000000002000053c                gc_block
 .bss.gc_state  0x0000000020000588       0x48 ./Src/grbl/gcode.o
                0x0000000020000588                gc_state
 .bss.block_buffer
                0x00000000200005d0     0x28a0 ./Src/grbl/planner.o
 .bss.block_buffer_head
                0x0000000020002e70        0x1 ./Src/grbl/planner.o
 .bss.block_buffer_planned
                0x0000000020002e71        0x1 ./Src/grbl/planner.o
 .bss.block_buffer_tail
                0x0000000020002e72        0x1 ./Src/grbl/planner.o
 .bss.next_buffer_head
                0x0000000020002e73        0x1 ./Src/grbl/planner.o
 .bss.pl        0x0000000020002e74       0x1c ./Src/grbl/planner.o
 .bss.probe_invert_mask
                0x0000000020002e90        0x2 ./Src/grbl/probe.o
                0x0000000020002e90                probe_invert_mask
 .bss.line      0x0000000020002e92       0x50 ./Src/grbl/protocol.o
 .bss.serial_rx_buffer
                0x0000000020002ee2       0xfe ./Src/grbl/serial.o
                0x0000000020002ee2                serial_rx_buffer
 .bss.serial_rx_buffer_head
                0x0000000020002fe0        0x1 ./Src/grbl/serial.o
                0x0000000020002fe0                serial_rx_buffer_head
 .bss.serial_rx_buffer_tail
                0x0000000020002fe1        0x1 ./Src/grbl/serial.o
                0x0000000020002fe1                serial_rx_buffer_tail
 *fill*         0x0000000020002fe2        0x2 
 .bss.adjustments
                0x0000000020002fe4       0x18 ./Src/grbl/settings.o
                0x0000000020002fe4                adjustments
 .bss.settings  0x0000000020002ffc       0x64 ./Src/grbl/settings.o
                0x0000000020002ffc                settings
 .bss.pwm_gradient
                0x0000000020003060        0x4 ./Src/grbl/spindle_control.o
 .bss.busy      0x0000000020003064        0x1 ./Src/grbl/stepper.o
 *fill*         0x0000000020003065        0x1 
 .bss.dir_port_invert_mask
                0x0000000020003066        0x2 ./Src/grbl/stepper.o
 .bss.pl_block  0x0000000020003068        0x4 ./Src/grbl/stepper.o
 .bss.prep      0x000000002000306c       0x38 ./Src/grbl/stepper.o
 .bss.segment_buffer
                0x00000000200030a4      0x100 ./Src/grbl/stepper.o
 .bss.segment_buffer_head
                0x00000000200031a4        0x1 ./Src/grbl/stepper.o
 .bss.segment_buffer_tail
                0x00000000200031a5        0x1 ./Src/grbl/stepper.o
 .bss.segment_next_head
                0x00000000200031a6        0x1 ./Src/grbl/stepper.o
 *fill*         0x00000000200031a7        0x1 
 .bss.st        0x00000000200031a8       0x38 ./Src/grbl/stepper.o
 .bss.st_block_buffer
                0x00000000200031e0      0x26c ./Src/grbl/stepper.o
 .bss.st_prep_block
                0x000000002000344c        0x4 ./Src/grbl/stepper.o
 .bss.step_port_invert_mask
                0x0000000020003450        0x2 ./Src/grbl/stepper.o
 *fill*         0x0000000020003452        0x2 
 .bss.fTICKS_PER_MINUTE
                0x0000000020003454        0x4 ./Src/stm32/stm32utilities.o
                0x0000000020003454                fTICKS_PER_MINUTE
 .bss.pDbgStr   0x0000000020003458       0x50 ./Src/stm32/stm32utilities.o
                0x0000000020003458                pDbgStr
 .bss.uTICKS_PER_MICROSECOND
                0x00000000200034a8        0x4 ./Src/stm32/stm32utilities.o
                0x00000000200034a8                uTICKS_PER_MICROSECOND
 .bss.__malloc_free_list
                0x00000000200034ac        0x4 c:/st/stm32cubeide_1.12.0/stm32cubeide/plugins/com.st.stm32cube.ide.mcu.externaltools.gnu-tools-for-stm32.10.3-2021.10.win32_1.0.200.202301161003/tools/bin/../lib/gcc/arm-none-eabi/10.3.1/../../../../arm-none-eabi/lib/thumb/v7-m/nofp\libc_nano.a(lib_a-nano-mallocr.o)
                0x00000000200034ac                __malloc_free_list
 .bss.__malloc_sbrk_start
                0x00000000200034b0        0x4 c:/st/stm32cubeide_1.12.0/stm32cubeide/plugins/com.st.stm32cube.ide.mcu.externaltools.gnu-tools-for-stm32.10.3-2021.10.win32_1.0.200.202301161003/tools/bin/../lib/gcc/arm-none-eabi/10.3.1/../../../../arm-none-eabi/lib/thumb/v7-m/nofp\libc_nano.a(lib_a-nano-mallocr.o)
                0x00000000200034b0                __malloc_sbrk_start
 .bss.errno     0x00000000200034b4        0x4 c:/st/stm32cubeide_1.12.0/stm32cubeide/plugins/com.st.stm32cube.ide.mcu.externaltools.gnu-tools-for-stm32.10.3-2021.10.win32_1.0.200.202301161003/tools/bin/../lib/gcc/arm-none-eabi/10.3.1/../../../../arm-none-eabi/lib/thumb/v7-m/nofp\libc_nano.a(lib_a-reent.o)
                0x00000000200034b4                errno
 .bss.__lock___malloc_recursive_mutex
                0x00000000200034b8        0x1 c:/st/stm32cubeide_1.12.0/stm32cubeide/plugins/com.st.stm32cube.ide.mcu.externaltools.gnu-tools-for-stm32.10.3-2021.10.win32_1.0.200.202301161003/tools/bin/../lib/gcc/arm-none-eabi/10.3.1/../../../../arm-none-eabi/lib/thumb/v7-m/nofp\libc_nano.a(lib_a-lock.o)
                0x00000000200034b8                __lock___malloc_recursive_mutex
 *(COMMON)
                0x00000000200034bc                . = ALIGN (0x4)
 *fill*         0x00000000200034b9        0x3 
                0x00000000200034bc                _ebss = .
                0x00000000200034bc                __bss_end__ = _ebss

._user_heap_stack
                0x00000000200034bc      0x600 load address 0x000000000800a1b8
                0x00000000200034bc                . = ALIGN (0x4)
                0x00000000200034bc                PROVIDE (end = .)
                [!provide]                        PROVIDE (_end = .)
                0x00000000200036bc                . = (. + _Min_Heap_Size)
 *fill*         0x00000000200034bc      0x200 
                0x0000000020003abc                . = (. + _Min_Stack_Size)
 *fill*         0x00000000200036bc      0x400 
                0x0000000020003abc                . = ALIGN (0x4)

/DISCARD/
 libc.a(*)
 libm.a(*)
 libgcc.a(*)

.ARM.attributes
                0x0000000000000000       0x29
 *(.ARM.attributes)
 .ARM.attributes
                0x0000000000000000       0x1d c:/st/stm32cubeide_1.12.0/stm32cubeide/plugins/com.st.stm32cube.ide.mcu.externaltools.gnu-tools-for-stm32.10.3-2021.10.win32_1.0.200.202301161003/tools/bin/../lib/gcc/arm-none-eabi/10.3.1/thumb/v7-m/nofp/crti.o
 .ARM.attributes
                0x000000000000001d       0x2d c:/st/stm32cubeide_1.12.0/stm32cubeide/plugins/com.st.stm32cube.ide.mcu.externaltools.gnu-tools-for-stm32.10.3-2021.10.win32_1.0.200.202301161003/tools/bin/../lib/gcc/arm-none-eabi/10.3.1/thumb/v7-m/nofp/crtbegin.o
 .ARM.attributes
                0x000000000000004a       0x2d ./Drivers/STM32F1xx_HAL_Driver/Src/stm32f1xx_hal.o
 .ARM.attributes
                0x0000000000000077       0x2d ./Drivers/STM32F1xx_HAL_Driver/Src/stm32f1xx_hal_cortex.o
 .ARM.attributes
                0x00000000000000a4       0x2d ./Drivers/STM32F1xx_HAL_Driver/Src/stm32f1xx_hal_flash.o
 .ARM.attributes
                0x00000000000000d1       0x2d ./Drivers/STM32F1xx_HAL_Driver/Src/stm32f1xx_hal_flash_ex.o
 .ARM.attributes
                0x00000000000000fe       0x2d ./Drivers/STM32F1xx_HAL_Driver/Src/stm32f1xx_hal_gpio.o
 .ARM.attributes
                0x000000000000012b       0x2d ./Drivers/STM32F1xx_HAL_Driver/Src/stm32f1xx_hal_i2c.o
 .ARM.attributes
                0x0000000000000158       0x2d ./Drivers/STM32F1xx_HAL_Driver/Src/stm32f1xx_hal_rcc.o
 .ARM.attributes
                0x0000000000000185       0x2d ./Drivers/STM32F1xx_HAL_Driver/Src/stm32f1xx_ll_gpio.o
 .ARM.attributes
                0x00000000000001b2       0x2d ./Drivers/STM32F1xx_HAL_Driver/Src/stm32f1xx_ll_rcc.o
 .ARM.attributes
                0x00000000000001df       0x2d ./Drivers/STM32F1xx_HAL_Driver/Src/stm32f1xx_ll_tim.o
 .ARM.attributes
                0x000000000000020c       0x2d ./Drivers/STM32F1xx_HAL_Driver/Src/stm32f1xx_ll_usart.o
 .ARM.attributes
                0x0000000000000239       0x2d ./Src/gpio.o
 .ARM.attributes
                0x0000000000000266       0x2d ./Src/i2c.o
 .ARM.attributes